Component: ARM Compiler 5.06 update 5 (build 528) Tool: armlink [4d35e2]

==============================================================================

Section Cross References

    startup_stm32f407xx.o(RESET) refers to startup_stm32f407xx.o(STACK) for __initial_sp
    startup_stm32f407xx.o(RESET) refers to startup_stm32f407xx.o(.text) for Reset_Handler
    startup_stm32f407xx.o(RESET) refers to stm32f4xx_it.o(i.NMI_Handler) for NMI_Handler
    startup_stm32f407xx.o(RESET) refers to stm32f4xx_it.o(i.HardFault_Handler) for HardFault_Handler
    startup_stm32f407xx.o(RESET) refers to stm32f4xx_it.o(i.MemManage_Handler) for MemManage_Handler
    startup_stm32f407xx.o(RESET) refers to stm32f4xx_it.o(i.BusFault_Handler) for BusFault_Handler
    startup_stm32f407xx.o(RESET) refers to stm32f4xx_it.o(i.UsageFault_Handler) for UsageFault_Handler
    startup_stm32f407xx.o(RESET) refers to port.o(.emb_text) for SVC_Handler
    startup_stm32f407xx.o(RESET) refers to stm32f4xx_it.o(i.DebugMon_Handler) for DebugMon_Handler
    startup_stm32f407xx.o(RESET) refers to cmsis_os2.o(i.SysTick_Handler) for SysTick_Handler
    startup_stm32f407xx.o(RESET) refers to stm32f4xx_it.o(i.DMA1_Stream1_IRQHandler) for DMA1_Stream1_IRQHandler
    startup_stm32f407xx.o(RESET) refers to stm32f4xx_it.o(i.DMA1_Stream5_IRQHandler) for DMA1_Stream5_IRQHandler
    startup_stm32f407xx.o(RESET) refers to stm32f4xx_it.o(i.TIM2_IRQHandler) for TIM2_IRQHandler
    startup_stm32f407xx.o(RESET) refers to stm32f4xx_it.o(i.TIM3_IRQHandler) for TIM3_IRQHandler
    startup_stm32f407xx.o(RESET) refers to stm32f4xx_it.o(i.USART1_IRQHandler) for USART1_IRQHandler
    startup_stm32f407xx.o(RESET) refers to stm32f4xx_it.o(i.USART2_IRQHandler) for USART2_IRQHandler
    startup_stm32f407xx.o(RESET) refers to stm32f4xx_it.o(i.TIM8_TRG_COM_TIM14_IRQHandler) for TIM8_TRG_COM_TIM14_IRQHandler
    startup_stm32f407xx.o(RESET) refers to stm32f4xx_it.o(i.TIM8_CC_IRQHandler) for TIM8_CC_IRQHandler
    startup_stm32f407xx.o(RESET) refers to stm32f4xx_it.o(i.DMA2_Stream2_IRQHandler) for DMA2_Stream2_IRQHandler
    startup_stm32f407xx.o(.text) refers to system_stm32f4xx.o(i.SystemInit) for SystemInit
    startup_stm32f407xx.o(.text) refers to entry.o(.ARM.Collect$$$$00000000) for __main
    taskdriver.o(i.Control_Decrease) refers to display.o(i.Display_ShowTem) for Display_ShowTem
    taskdriver.o(i.Control_Decrease) refers to display.o(i.Display_ShowHum) for Display_ShowHum
    taskdriver.o(i.Control_Decrease) refers to display.o(i.Display_ShowSmo) for Display_ShowSmo
    taskdriver.o(i.Control_Decrease) refers to pwm.o(i.PWMLED_SetBright) for PWMLED_SetBright
    taskdriver.o(i.Control_Decrease) refers to display.o(i.Display_ShowLED) for Display_ShowLED
    taskdriver.o(i.Control_Decrease) refers to display.o(i.Display_ShowMoOn) for Display_ShowMoOn
    taskdriver.o(i.Control_Decrease) refers to display.o(i.Display_ShowMoOff) for Display_ShowMoOff
    taskdriver.o(i.Control_Decrease) refers to taskdriver.o(.data) for Control_Mode
    taskdriver.o(i.Control_Decrease) refers to sensorread.o(.data) for TempThrehold
    taskdriver.o(i.Control_Increase) refers to display.o(i.Display_ShowTem) for Display_ShowTem
    taskdriver.o(i.Control_Increase) refers to display.o(i.Display_ShowHum) for Display_ShowHum
    taskdriver.o(i.Control_Increase) refers to display.o(i.Display_ShowSmo) for Display_ShowSmo
    taskdriver.o(i.Control_Increase) refers to cmsis_os2.o(i.osMessageQueuePut) for osMessageQueuePut
    taskdriver.o(i.Control_Increase) refers to display.o(i.Display_ShowLED) for Display_ShowLED
    taskdriver.o(i.Control_Increase) refers to display.o(i.Display_ShowMoOn) for Display_ShowMoOn
    taskdriver.o(i.Control_Increase) refers to display.o(i.Display_ShowMoOff) for Display_ShowMoOff
    taskdriver.o(i.Control_Increase) refers to taskdriver.o(.data) for Control_Mode
    taskdriver.o(i.Control_Increase) refers to sensorread.o(.data) for TempThrehold
    taskdriver.o(i.Control_Increase) refers to taskdriver.o(.constdata) for .constdata
    taskdriver.o(i.Control_Increase) refers to freertos.o(.data) for HwCtrlQueueHandle
    taskdriver.o(i.Err_Check) refers to password.o(i.Open_Error) for Open_Error
    taskdriver.o(i.Err_Check) refers to printfa.o(i.__0printf) for __2printf
    taskdriver.o(i.HAL_UARTEx_RxEventCallback) refers to serial.o(i.Serial_Rx_Callback) for Serial_Rx_Callback
    taskdriver.o(i.HAL_UARTEx_RxEventCallback) refers to cmsis_os2.o(i.osThreadFlagsSet) for osThreadFlagsSet
    taskdriver.o(i.HAL_UARTEx_RxEventCallback) refers to bluetooth.o(i.BlueTooth_Rx_Callback) for BlueTooth_Rx_Callback
    taskdriver.o(i.HAL_UARTEx_RxEventCallback) refers to freertos.o(.data) for CommTaskHandle
    taskdriver.o(i.IR_LightControl) refers to irsensor.o(i.IRSensor_Detected) for IRSensor_Detected
    taskdriver.o(i.IR_LightControl) refers to pwm.o(i.PWMLED_SetBright) for PWMLED_SetBright
[...]
    IRSensor_Detected                        0x08006535   Thumb Code    20  irsensor.o(i.IRSensor_Detected)
    Lock_Close                               0x080065b9   Thumb Code    18  taskdriver.o(i.Lock_Close)
    Lock_Open                                0x080065d1   Thumb Code    20  taskdriver.o(i.Lock_Open)
    MX_ADC1_Init                             0x080065e9   Thumb Code   156  adc.o(i.MX_ADC1_Init)
    MX_DMA_Init                              0x0800668d   Thumb Code   114  dma.o(i.MX_DMA_Init)
    MX_FREERTOS_Init                         0x08006705   Thumb Code    98  freertos.o(i.MX_FREERTOS_Init)
    MX_GPIO_Init                             0x080067a5   Thumb Code   400  gpio.o(i.MX_GPIO_Init)
    MX_RTC_Init                              0x08006945   Thumb Code   160  rtc.o(i.MX_RTC_Init)
    MX_SPI1_Init                             0x080069ed   Thumb Code    62  spi.o(i.MX_SPI1_Init)
    MX_TIM1_Init                             0x08006a35   Thumb Code   152  tim.o(i.MX_TIM1_Init)
    MX_TIM3_Init                             0x08006ad5   Thumb Code   186  tim.o(i.MX_TIM3_Init)
    MX_TIM4_Init                             0x08006b99   Thumb Code   158  tim.o(i.MX_TIM4_Init)
    MX_TIM5_Init                             0x08006c41   Thumb Code   156  tim.o(i.MX_TIM5_Init)
    MX_TIM8_Init                             0x08006ce5   Thumb Code   154  tim.o(i.MX_TIM8_Init)
    MX_USART1_UART_Init                      0x08006d89   Thumb Code    46  usart.o(i.MX_USART1_UART_Init)
    MX_USART2_UART_Init                      0x08006dc1   Thumb Code    46  usart.o(i.MX_USART2_UART_Init)
    Matrix_GetNum                            0x08006df9   Thumb Code    80  matrix.o(i.Matrix_GetNum)
    MemManage_Handler                        0x08006f89   Thumb Code     4  stm32f4xx_it.o(i.MemManage_Handler)
    Motor_Init                               0x08006f8d   Thumb Code    12  motor.o(i.Motor_Init)
    NMI_Handler                              0x08006f9d   Thumb Code     4  stm32f4xx_it.o(i.NMI_Handler)
    OLED_Clear                               0x08006ff5   Thumb Code    42  oled.o(i.OLED_Clear)
    OLED_I2C_Init                            0x08007021   Thumb Code    24  oled.o(i.OLED_I2C_Init)
    OLED_I2C_SendByte                        0x0800703d   Thumb Code   112  oled.o(i.OLED_I2C_SendByte)
    OLED_I2C_Start                           0x080070b1   Thumb Code    60  oled.o(i.OLED_I2C_Start)
    OLED_I2C_Stop                            0x080070f1   Thumb Code    42  oled.o(i.OLED_I2C_Stop)
    OLED_Init                                0x08007121   Thumb Code   180  oled.o(i.OLED_Init)
    OLED_Pow                                 0x080071d5   Thumb Code    20  oled.o(i.OLED_Pow)
    OLED_SetCursor                           0x080071e9   Thumb Code    34  oled.o(i.OLED_SetCursor)
    OLED_ShowChar                            0x0800720d   Thumb Code   110  oled.o(i.OLED_ShowChar)
    OLED_ShowNum                             0x08007281   Thumb Code    68  oled.o(i.OLED_ShowNum)
    OLED_ShowString                          0x080072c5   Thumb Code    40  oled.o(i.OLED_ShowString)
    OLED_WriteCommand                        0x080072ed   Thumb Code    32  oled.o(i.OLED_WriteCommand)
    OLED_WriteData                           0x0800730d   Thumb Code    32  oled.o(i.OLED_WriteData)
    Open_Error                               0x0800732d   Thumb Code    28  password.o(i.Open_Error)
    PWMLED_Init                              0x0800734d   Thumb Code    12  pwm.o(i.PWMLED_Init)
    PWMLED_SetBright                         0x0800735d   Thumb Code    20  pwm.o(i.PWMLED_SetBright)
    PW_Select                                0x08007375   Thumb Code   134  password.o(i.PW_Select)
    Password_Change                          0x0800741d   Thumb Code   202  password.o(i.Password_Change)
    Password_Select                          0x080075e9   Thumb Code    72  password.o(i.Password_Select)
    Password_Vertify                         0x08007635   Thumb Code   392  password.o(i.Password_Vertify)
    RTC_Bcd2ToByte                           0x080077d9   Thumb Code    22  stm32f4xx_hal_rtc.o(i.RTC_Bcd2ToByte)
    RTC_ByteToBcd2                           0x080077ef   Thumb Code    26  stm32f4xx_hal_rtc.o(i.RTC_ByteToBcd2)
    RTC_EnterInitMode                        0x08007961   Thumb Code    74  stm32f4xx_hal_rtc.o(i.RTC_EnterInitMode)
    RTC_ExitInitMode                         0x080079ab   Thumb Code    46  stm32f4xx_hal_rtc.o(i.RTC_ExitInitMode)
    RTC_GetDate                              0x080079d9   Thumb Code    46  rtctime.o(i.RTC_GetDate)
    RTC_GetTime                              0x08007a0d   Thumb Code    42  rtctime.o(i.RTC_GetTime)
    RTC_SetDate                              0x08007b95   Thumb Code    42  rtctime.o(i.RTC_SetDate)
    RTC_SetTime                              0x08007bc5   Thumb Code    44  rtctime.o(i.RTC_SetTime)
    SensorRead_Init                          0x08007d55   Thumb Code    22  sensorread.o(i.SensorRead_Init)
    Serial_Init                              0x08007d75   Thumb Code    14  serial.o(i.Serial_Init)
    Serial_ProcessCmd                        0x08007e29   Thumb Code   230  serial.o(i.Serial_ProcessCmd)
    Serial_Rx_Callback                       0x08007f7d   Thumb Code    56  serial.o(i.Serial_Rx_Callback)
    Servo_Init                               0x08008239   Thumb Code    12  servo.o(i.Servo_Init)
    StartComm_Task                           0x080082f1   Thumb Code    24  taskdriver.o(i.StartComm_Task)
    StartHwControl_Task                      0x08008309   Thumb Code    54  taskdriver.o(i.StartHwControl_Task)
    StartKeyScan_Task                        0x08008345   Thumb Code    36  taskdriver.o(i.StartKeyScan_Task)
    StartUI_Task                             0x0800836d   Thumb Code  1202  taskdriver.o(i.StartUI_Task)
    StepMotor_Forward_90_Degree              0x08008885   Thumb Code    14  stepmotor.o(i.StepMotor_Forward_90_Degree)
    SysTick_Handler                          0x08008949   Thumb Code    22  cmsis_os2.o(i.SysTick_Handler)
    SystemClock_Config                       0x08008961   Thumb Code   176  main.o(i.SystemClock_Config)
    SystemInit                               0x08008a19   Thumb Code    14  system_stm32f4xx.o(i.SystemInit)
    TIM2_IRQHandler                          0x08008a2d   Thumb Code    10  stm32f4xx_it.o(i.TIM2_IRQHandler)
    TIM3_IRQHandler                          0x08008a3d   Thumb Code    10  stm32f4xx_it.o(i.TIM3_IRQHandler)
    TIM8_CC_IRQHandler                       0x08008a4d   Thumb Code    10  stm32f4xx_it.o(i.TIM8_CC_IRQHandler)
    TIM8_TRG_COM_TIM14_IRQHandler            0x08008a5d   Thumb Code    16  stm32f4xx_it.o(i.TIM8_TRG_COM_TIM14_IRQHandler)
    TIM_Base_SetConfig                       0x08008a75   Thumb Code   178  stm32f4xx_hal_tim.o(i.TIM_Base_SetConfig)
    TIM_CCxChannelCmd                        0x08008b55   Thumb Code    34  stm32f4xx_hal_tim.o(i.TIM_CCxChannelCmd)
    TIM_ETR_SetConfig                        0x08008b77   Thumb Code    22  stm32f4xx_hal_tim.o(i.TIM_ETR_SetConfig)
    TIM_OC2_SetConfig                        0x08008c11   Thumb Code   114  stm32f4xx_hal_tim.o(i.TIM_OC2_SetConfig)
    TIM_TI1_SetConfig                        0x08008d81   Thumb Code   114  stm32f4xx_hal_tim.o(i.TIM_TI1_SetConfig)
    TaskDriver_Init                          0x08008ee9   Thumb Code    48  taskdriver.o(i.TaskDriver_Init)
    TickTime_Init                            0x08008f1d   Thumb Code    12  ticktime.o(i.TickTime_Init)
    UART_Start_Receive_DMA                   0x080094c9   Thumb Code   202  stm32f4xx_hal_uart.o(i.UART_Start_Receive_DMA)
    USART1_IRQHandler                        0x0800968d   Thumb Code    10  stm32f4xx_it.o(i.USART1_IRQHandler)
    USART2_IRQHandler                        0x0800969d   Thumb Code    10  stm32f4xx_it.o(i.USART2_IRQHandler)
    UsageFault_Handler                       0x080096ad   Thumb Code     4  stm32f4xx_it.o(i.UsageFault_Handler)
    __0printf                                0x08009741   Thumb Code    22  printfa.o(i.__0printf)
    __1printf                                0x08009741   Thumb Code     0  printfa.o(i.__0printf)
    __2printf                                0x08009741   Thumb Code     0  printfa.o(i.__0printf)
    __c89printf                              0x08009741   Thumb Code     0  printfa.o(i.__0printf)
    printf                                   0x08009741   Thumb Code     0  printfa.o(i.__0printf)
    __0vsnprintf                             0x08009761   Thumb Code    40  printfa.o(i.__0vsnprintf)
    __1vsnprintf                             0x08009761   Thumb Code     0  printfa.o(i.__0vsnprintf)
    __2vsnprintf                             0x08009761   Thumb Code     0  printfa.o(i.__0vsnprintf)
    __c89vsnprintf                           0x08009761   Thumb Code     0  printfa.o(i.__0vsnprintf)
    vsnprintf                                0x08009761   Thumb Code     0  printfa.o(i.__0vsnprintf)
    __scatterload_copy                       0x080097cb   Thumb Code    14  handlers.o(i.__scatterload_copy)
    __scatterload_null                       0x080097d9   Thumb Code     2  handlers.o(i.__scatterload_null)
    __scatterload_zeroinit                   0x080097db   Thumb Code    14  handlers.o(i.__scatterload_zeroinit)
    _is_digit                                0x0800996d   Thumb Code    14  scanf_fp.o(i._is_digit)
    fputc                                    0x0800a0c1   Thumb Code    22  serial.o(i.fputc)
    main                                     0x0800a0dd   Thumb Code    80  main.o(i.main)
    osDelay                                  0x0800a12d   Thumb Code    30  cmsis_os2.o(i.osDelay)
    osKernelInitialize                       0x0800a14d   Thumb Code    38  cmsis_os2.o(i.osKernelInitialize)
    osKernelStart                            0x0800a179   Thumb Code    82  cmsis_os2.o(i.osKernelStart)
    osMessageQueueGet                        0x0800a1d9   Thumb Code   124  cmsis_os2.o(i.osMessageQueueGet)
    osMessageQueueNew                        0x0800a259   Thumb Code   154  cmsis_os2.o(i.osMessageQueueNew)
    osMessageQueuePut                        0x0800a2f5   Thumb Code   128  cmsis_os2.o(i.osMessageQueuePut)
    osMutexAcquire                           0x0800a379   Thumb Code    98  cmsis_os2.o(i.osMutexAcquire)
    osMutexNew                               0x0800a3db   Thumb Code   178  cmsis_os2.o(i.osMutexNew)
    osMutexRelease                           0x0800a48d   Thumb Code    78  cmsis_os2.o(i.osMutexRelease)
    osThreadFlagsSet                         0x0800a4dd   Thumb Code   122  cmsis_os2.o(i.osThreadFlagsSet)
    osThreadFlagsWait                        0x0800a55d   Thumb Code   178  cmsis_os2.o(i.osThreadFlagsWait)
    osThreadNew                              0x0800a60f   Thumb Code   184  cmsis_os2.o(i.osThreadNew)
    pvPortMalloc                             0x0800b121   Thumb Code   306  heap_4.o(i.pvPortMalloc)
    pvTaskIncrementMutexHeldCount            0x0800b26d   Thumb Code    26  tasks.o(i.pvTaskIncrementMutexHeldCount)
    pxPortInitialiseStack                    0x0800b28d   Thumb Code    38  port.o(i.pxPortInitialiseStack)
    uxListRemove                             0x0800b2b9   Thumb Code    40  list.o(i.uxListRemove)
    vApplicationGetIdleTaskMemory            0x0800b2e1   Thumb Code    14  cmsis_os2.o(i.vApplicationGetIdleTaskMemory)
    vApplicationGetTimerTaskMemory           0x0800b2f9   Thumb Code    16  cmsis_os2.o(i.vApplicationGetTimerTaskMemory)
    vListInitialise                          0x0800b311   Thumb Code    26  list.o(i.vListInitialise)
    vListInitialiseItem                      0x0800b32b   Thumb Code     6  list.o(i.vListInitialiseItem)
    vListInsert                              0x0800b331   Thumb Code    52  list.o(i.vListInsert)
    vListInsertEnd                           0x0800b365   Thumb Code    24  list.o(i.vListInsertEnd)
    vPortEnterCritical                       0x0800b37d   Thumb Code    76  port.o(i.vPortEnterCritical)
    vPortExitCritical                        0x0800b3d1   Thumb Code    56  port.o(i.vPortExitCritical)
    vPortFree                                0x0800b40d   Thumb Code   150  heap_4.o(i.vPortFree)
    vPortSetupTimerInterrupt                 0x0800b4b1   Thumb Code    36  port.o(i.vPortSetupTimerInterrupt)
    vPortValidateInterruptPriority           0x0800b4d9   Thumb Code   106  port.o(i.vPortValidateInterruptPriority)
    vQueueAddToRegistry                      0x0800b551   Thumb Code    38  queue.o(i.vQueueAddToRegistry)
    vQueueWaitForMessageRestricted           0x0800b57d   Thumb Code    74  queue.o(i.vQueueWaitForMessageRestricted)
    vTaskDelay                               0x0800b5c9   Thumb Code    82  tasks.o(i.vTaskDelay)
    vTaskInternalSetTimeOutState             0x0800b625   Thumb Code    14  tasks.o(i.vTaskInternalSetTimeOutState)
    vTaskMissedYield                         0x0800b63d   Thumb Code     8  tasks.o(i.vTaskMissedYield)
    vTaskPlaceOnEventList                    0x0800b649   Thumb Code    52  tasks.o(i.vTaskPlaceOnEventList)
    vTaskPlaceOnEventListRestricted          0x0800b681   Thumb Code    60  tasks.o(i.vTaskPlaceOnEventListRestricted)
    vTaskPriorityDisinheritAfterTimeout      0x0800b6c1   Thumb Code   194  tasks.o(i.vTaskPriorityDisinheritAfterTimeout)
    vTaskStartScheduler                      0x0800b791   Thumb Code   156  tasks.o(i.vTaskStartScheduler)
    vTaskSuspendAll                          0x0800b849   Thumb Code    12  tasks.o(i.vTaskSuspendAll)
    vTaskSwitchContext                       0x0800b859   Thumb Code   122  tasks.o(i.vTaskSwitchContext)
    xPortStartScheduler                      0x0800b8e9   Thumb Code   330  port.o(i.xPortStartScheduler)
    xPortSysTickHandler                      0x0800ba51   Thumb Code    46  port.o(i.xPortSysTickHandler)
    xQueueCreateMutex                        0x0800ba85   Thumb Code    34  queue.o(i.xQueueCreateMutex)
    xQueueCreateMutexStatic                  0x0800baa7   Thumb Code    42  queue.o(i.xQueueCreateMutexStatic)
    xQueueGenericCreate                      0x0800bad1   Thumb Code    90  queue.o(i.xQueueGenericCreate)
    xQueueGenericCreateStatic                0x0800bb2b   Thumb Code   224  queue.o(i.xQueueGenericCreateStatic)
    xQueueGenericReset                       0x0800bc0d   Thumb Code   146  queue.o(i.xQueueGenericReset)
    xQueueGenericSend                        0x0800bca5   Thumb Code   420  queue.o(i.xQueueGenericSend)
    xQueueGenericSendFromISR                 0x0800be4d   Thumb Code   252  queue.o(i.xQueueGenericSendFromISR)
    xQueueGiveMutexRecursive                 0x0800bf49   Thumb Code    72  queue.o(i.xQueueGiveMutexRecursive)
    xQueueReceive                            0x0800bf91   Thumb Code   356  queue.o(i.xQueueReceive)
    xQueueReceiveFromISR                     0x0800c0f9   Thumb Code   202  queue.o(i.xQueueReceiveFromISR)
    xQueueSemaphoreTake                      0x0800c1c5   Thumb Code   434  queue.o(i.xQueueSemaphoreTake)
    xQueueTakeMutexRecursive                 0x0800c37d   Thumb Code    78  queue.o(i.xQueueTakeMutexRecursive)
    xTaskCheckForTimeOut                     0x0800c3cd   Thumb Code   132  tasks.o(i.xTaskCheckForTimeOut)
    xTaskCreate                              0x0800c459   Thumb Code   100  tasks.o(i.xTaskCreate)
    xTaskCreateStatic                        0x0800c4bd   Thumb Code   186  tasks.o(i.xTaskCreateStatic)
    xTaskGenericNotify                       0x0800c579   Thumb Code   278  tasks.o(i.xTaskGenericNotify)
    xTaskGenericNotifyFromISR                0x0800c6a1   Thumb Code   332  tasks.o(i.xTaskGenericNotifyFromISR)
    xTaskGetCurrentTaskHandle                0x0800c805   Thumb Code     6  tasks.o(i.xTaskGetCurrentTaskHandle)
    xTaskGetSchedulerState                   0x0800c811   Thumb Code    24  tasks.o(i.xTaskGetSchedulerState)
    xTaskGetTickCount                        0x0800c831   Thumb Code     6  tasks.o(i.xTaskGetTickCount)
    xTaskIncrementTick                       0x0800c83d   Thumb Code   280  tasks.o(i.xTaskIncrementTick)
    xTaskNotifyWait                          0x0800c981   Thumb Code   150  tasks.o(i.xTaskNotifyWait)
    xTaskPriorityDisinherit                  0x0800ca21   Thumb Code   152  tasks.o(i.xTaskPriorityDisinherit)
    xTaskPriorityInherit                     0x0800cac5   Thumb Code   150  tasks.o(i.xTaskPriorityInherit)
    xTaskRemoveFromEventList                 0x0800cb69   Thumb Code   126  tasks.o(i.xTaskRemoveFromEventList)
    xTaskResumeAll                           0x0800cc01   Thumb Code   222  tasks.o(i.xTaskResumeAll)
    xTimerCreateTimerTask                    0x0800cd05   Thumb Code   100  timers.o(i.xTimerCreateTimerTask)
    xTimerGenericCommand                     0x0800cd7d   Thumb Code   128  timers.o(i.xTimerGenericCommand)
    UITask_attributes                        0x0800ce04   Data          36  freertos.o(.constdata)
    KeyScanTask_attributes                   0x0800ce28   Data          36  freertos.o(.constdata)
    SensorTask_attributes                    0x0800ce4c   Data          36  freertos.o(.constdata)
    CommTask_attributes                      0x0800ce70   Data          36  freertos.o(.constdata)
    HwControlTask_attributes                 0x0800ce94   Data          36  freertos.o(.constdata)
    AHBPrescTable                            0x0800cec0   Data          16  system_stm32f4xx.o(.constdata)
    APBPrescTable                            0x0800ced0   Data           8  system_stm32f4xx.o(.constdata)
    OLED_F8x16                               0x0800ced8   Data        1520  oled.o(.constdata)
    __ctype_categories                       0x0800d630   Data          64  ctype_c.o(.constdata)
    Region$$Table$$Base                      0x0800d830   Number         0  anon$$obj.o(Region$$Table)
    Region$$Table$$Limit                     0x0800d850   Number         0  anon$$obj.o(Region$$Table)
    View_Pages                               0x20000000   Data           1  taskdriver.o(.data)
    Read_Flag                                0x20000001   Data           1  taskdriver.o(.data)
    View_Flag                                0x20000002   Data           1  taskdriver.o(.data)
    View_Index                               0x20000003   Data           1  taskdriver.o(.data)
    Control_Mode                             0x20000004   Data           1  taskdriver.o(.data)
    RTCSet_Mode                              0x20000005   Data           1  taskdriver.o(.data)
    IR_LightState                            0x20000006   Data           1  taskdriver.o(.data)
    IR_LightTime                             0x20000008   Data           2  taskdriver.o(.data)
    Month_Day                                0x2000000a   Data          12  taskdriver.o(.data)
    State                                    0x20000016   Data           1  taskdriver.o(.data)
    KeyQueueHandle                           0x20000018   Data           4  freertos.o(.data)
    HwCtrlQueueHandle                        0x2000001c   Data           4  freertos.o(.data)
    OLED_MutexHandle                         0x20000020   Data           4  freertos.o(.data)
    UITaskHandle                             0x20000024   Data           4  freertos.o(.data)
    KeyScanTaskHandle                        0x20000028   Data           4  freertos.o(.data)
    SensorTaskHandle                         0x2000002c   Data           4  freertos.o(.data)
    CommTaskHandle                           0x20000030   Data           4  freertos.o(.data)
    HwControlTaskHandle                      0x20000034   Data           4  freertos.o(.data)
    uwTick                                   0x20000038   Data           4  stm32f4xx_hal.o(.data)
    uwTickPrio                               0x2000003c   Data           4  stm32f4xx_hal.o(.data)
    uwTickFreq                               0x20000040   Data           1  stm32f4xx_hal.o(.data)
    SystemCoreClock                          0x20000044   Data           4  system_stm32f4xx.o(.data)
    Password                                 0x20000051   Data           8  password.o(.data)
    Password1                                0x20000059   Data           8  password.o(.data)
    Password2                                0x20000061   Data           8  password.o(.data)
    Password3                                0x20000069   Data           8  password.o(.data)
    Userword                                 0x20000071   Data           8  password.o(.data)
    NewPassWord                              0x20000079   Data           8  password.o(.data)
    Password_Length                          0x20000081   Data           1  password.o(.data)
    Password1_Length                         0x20000082   Data           1  password.o(.data)
    Password2_Length                         0x20000083   Data           1  password.o(.data)
    Password3_Length                         0x20000084   Data           1  password.o(.data)
    Userword_Index                           0x20000085   Data           1  password.o(.data)
    Password_Index                           0x20000086   Data           1  password.o(.data)
    Vertify_State                            0x20000087   Data           1  password.o(.data)
    Warnings                                 0x20000088   Data           1  password.o(.data)
    Succeses                                 0x20000089   Data           1  password.o(.data)
    Password_Sel                             0x2000008a   Data           1  password.o(.data)
    Rec_Count                                0x200000ab   Data           1  display.o(.data)
    Hour                                     0x200000ac   Data           1  display.o(.data)
    Min                                      0x200000ad   Data           1  display.o(.data)
    Sec                                      0x200000ae   Data           1  display.o(.data)
    Year                                     0x200000af   Data           1  display.o(.data)
    Mon                                      0x200000b0   Data           1  display.o(.data)
    Week                                     0x200000b1   Data           1  display.o(.data)
    Date                                     0x200000b2   Data           1  display.o(.data)
    Serial_Cmd_Ready                         0x200000b3   Data           1  serial.o(.data)
    Serial_Rx_Index                          0x200000b4   Data           1  serial.o(.data)
    BlueTooth_Cmd_Ready                      0x200000b8   Data           1  bluetooth.o(.data)
    BlueTooth_Rx_Index                       0x200000b9   Data           1  bluetooth.o(.data)
    BlueTooth_UR_State                       0x200000ba   Data           1  bluetooth.o(.data)
    UR_State_Time                            0x200000bc   Data           4  bluetooth.o(.data)
    ADC_BUF                                  0x200000c2   Data           4  sensorread.o(.data)
    ADC_Ready                                0x200000c6   Data           1  sensorread.o(.data)
    TempThrehold                             0x200000c7   Data           1  sensorread.o(.data)
    HumiThrehold                             0x200000c8   Data           1  sensorread.o(.data)
    SmogThrehold                             0x200000ca   Data           2  sensorread.o(.data)
    LightThrehold                            0x200000cc   Data           1  sensorread.o(.data)
    Motor_ON_Tem                             0x200000cd   Data           1  sensorread.o(.data)
    Motor_MAX_Tem                            0x200000ce   Data           1  sensorread.o(.data)
    Brightness                               0x200000cf   Data           1  sensorread.o(.data)
    TempAlarm                                0x200000d0   Data           1  sensorread.o(.data)
    HumiAlarm                                0x200000d1   Data           1  sensorread.o(.data)
    SmogAlarm                                0x200000d2   Data           1  sensorread.o(.data)
    Flash_IsWrite                            0x200000d4   Data           1  datamanage.o(.data)
    PW_Sel                                   0x200000d5   Data           1  datamanage.o(.data)
    UWMemory_Index                           0x200000d6   Data           2  datamanage.o(.data)
    TMMemory_Index                           0x200000d8   Data           2  datamanage.o(.data)
    PWMemory_Index                           0x200000da   Data           2  datamanage.o(.data)
    PW1_Len                                  0x200000dc   Data           1  datamanage.o(.data)
    PW2_Len                                  0x200000dd   Data           1  datamanage.o(.data)
    PW3_Len                                  0x200000de   Data           1  datamanage.o(.data)
    Width                                    0x200000e8   Data           2  irreceive.o(.data)
    LastValue                                0x200000ea   Data           2  irreceive.o(.data)
    IR_Ready                                 0x200000ec   Data           1  irreceive.o(.data)
    IR_Process_Ready                         0x200000ed   Data           1  irreceive.o(.data)
    IR_Addr                                  0x200000ee   Data           8  irreceive.o(.data)
    IR_Addr_Index                            0x200000f6   Data           1  irreceive.o(.data)
    IR_ReAddr                                0x200000f7   Data           8  irreceive.o(.data)
    IR_ReAddr_Index                          0x200000ff   Data           1  irreceive.o(.data)
    IR_Data                                  0x20000100   Data           8  irreceive.o(.data)
    IR_Data_Index                            0x20000108   Data           1  irreceive.o(.data)
    IR_ReData                                0x20000109   Data           8  irreceive.o(.data)
    IR_ReData_Index                          0x20000111   Data           1  irreceive.o(.data)
    IDLE_Step                                0x20000112   Data           1  irreceive.o(.data)
    LEADER_Step                              0x20000113   Data           1  irreceive.o(.data)
    ADDR_Step                                0x20000114   Data           1  irreceive.o(.data)
    DATA_Step                                0x20000115   Data           1  irreceive.o(.data)
    TAIL_Step                                0x20000116   Data           1  irreceive.o(.data)
    Now                                      0x20000118   Data           4  irreceive.o(.data)
    IR_State                                 0x2000011c   Data           1  irreceive.o(.data)
    pxCurrentTCB                             0x20000120   Data           4  tasks.o(.data)
    __stdout                                 0x200001a0   Data           4  stdout.o(.data)
    g_SensorData                             0x200001a4   Data          12  taskdriver.o(.bss)
    hadc1                                    0x200001b0   Data          72  adc.o(.bss)
    hrtc                                     0x200001f8   Data          32  rtc.o(.bss)
    hspi1                                    0x20000218   Data          88  spi.o(.bss)
    htim1                                    0x20000270   Data          72  tim.o(.bss)
    htim2                                    0x200002b8   Data          72  tim.o(.bss)
    htim3                                    0x20000300   Data          72  tim.o(.bss)
    htim4                                    0x20000348   Data          72  tim.o(.bss)
    htim5                                    0x20000390   Data          72  tim.o(.bss)
    htim8                                    0x200003d8   Data          72  tim.o(.bss)
    hdma_tim2_up_ch3                         0x20000420   Data          96  tim.o(.bss)
    huart1                                   0x20000480   Data          72  usart.o(.bss)
    huart2                                   0x200004c8   Data          72  usart.o(.bss)
    hdma_usart1_rx                           0x20000510   Data          96  usart.o(.bss)
    hdma_usart2_rx                           0x20000570   Data          96  usart.o(.bss)
    htim14                                   0x200005d0   Data          72  stm32f4xx_hal_timebase_tim.o(.bss)
    UW_Memory                                0x20000618   Data         144  display.o(.bss)
    TM_Memory                                0x200006a8   Data         144  display.o(.bss)
    Serial_Rx_Buf                            0x20000738   Data          64  serial.o(.bss)
    BlueTooth_Rx_Buf                         0x20000778   Data          64  bluetooth.o(.bss)
    BUF                                      0x200007b8   Data        4096  flash.o(.bss)
    UserwordMemory                           0x200017b8   Data         512  datamanage.o(.bss)
    TimeMemory                               0x200019b8   Data         128  datamanage.o(.bss)
    PasswordMemory                           0x20001a38   Data         512  datamanage.o(.bss)
    xQueueRegistry                           0x20001c38   Data          64  queue.o(.bss)
    __initial_sp                             0x20006910   Data           0  startup_stm32f407xx.o(STACK)



==============================================================================

Memory Map of the image

  Image Entry point : 0x08000189

  Load Region LR_IROM1 (Base: 0x08000000, Size: 0x0000d9f4, Max: 0x00080000, ABSOLUTE, COMPRESSED[0x0000d8a0])

    Execution Region ER_IROM1 (Exec base: 0x08000000, Load base: 0x08000000, Size: 0x0000d850, Max: 0x00080000, ABSOLUTE)

    Exec Addr    Load Addr    Size         Type   Attr      Idx    E Section Name        Object

    0x08000000   0x08000000   0x00000188   Data   RO            3    RESET               startup_stm32f407xx.o
    0x08000188   0x08000188   0x00000000   Code   RO         7987  * .ARM.Collect$$$$00000000  mc_w.l(entry.o)
    0x08000188   0x08000188   0x00000004   Code   RO         8269    .ARM.Collect$$$$00000001  mc_w.l(entry2.o)
    0x0800018c   0x0800018c   0x00000004   Code   RO         8272    .ARM.Collect$$$$00000004  mc_w.l(entry5.o)
    0x08000190   0x08000190   0x00000000   Code   RO         8274    .ARM.Collect$$$$00000008  mc_w.l(entry7b.o)
    0x08000190   0x08000190   0x00000000   Code   RO         8276    .ARM.Collect$$$$0000000A  mc_w.l(entry8b.o)
    0x08000190   0x08000190   0x00000008   Code   RO         8277    .ARM.Collect$$$$0000000B  mc_w.l(entry9a.o)
    0x08000198   0x08000198   0x00000000   Code   RO         8279    .ARM.Collect$$$$0000000D  mc_w.l(entry10a.o)
    0x08000198   0x08000198   0x00000000   Code   RO         8281    .ARM.Collect$$$$0000000F  mc_w.l(entry11a.o)
    0x08000198   0x08000198   0x00000004   Code   RO         8270    .ARM.Collect$$$$00002712  mc_w.l(entry2.o)
    0x0800019c   0x0800019c   0x000000be   Code   RO         7910    .emb_text           port.o
    0x0800025a   0x0800025a   0x00000002   PAD
    0x0800025c   0x0800025c   0x00000024   Code   RO            4    .text               startup_stm32f407xx.o
    0x08000280   0x08000280   0x00000062   Code   RO         7990    .text               mc_w.l(uldiv.o)
    0x080002e2   0x080002e2   0x00000024   Code   RO         7992    .text               mc_w.l(memcpya.o)
    0x08000306   0x08000306   0x00000024   Code   RO         7996    .text               mc_w.l(memseta.o)
    0x0800032a   0x0800032a   0x0000000e   Code   RO         7998    .text               mc_w.l(strlen.o)
    0x08000338   0x08000338   0x0000001c   Code   RO         8000    .text               mc_w.l(strcmp.o)
    0x08000354   0x08000354   0x00000022   Code   RO         8002    .text               mc_w.l(strcspn.o)
    0x08000376   0x08000376   0x00000002   PAD
    0x08000378   0x08000378   0x00000038   Code   RO         8267    .text               mc_w.l(sscanf.o)
    0x080003b0   0x080003b0   0x0000002c   Code   RO         8284    .text               mc_w.l(uidiv.o)
    0x080003dc   0x080003dc   0x0000001e   Code   RO         8286    .text               mc_w.l(llshl.o)
    0x080003fa   0x080003fa   0x00000020   Code   RO         8288    .text               mc_w.l(llushr.o)
    0x0800041a   0x0800041a   0x00000156   Code   RO         8290    .text               mc_w.l(_scanf_longlong.o)
    0x08000570   0x08000570   0x0000014c   Code   RO         8292    .text               mc_w.l(_scanf_int.o)
    0x080006bc   0x080006bc   0x000000e0   Code   RO         8294    .text               mc_w.l(_scanf_str.o)
    0x0800079c   0x0800079c   0x00000360   Code   RO         8296    .text               mc_w.l(scanf_fp.o)
    0x08000afc   0x08000afc   0x00000028   Code   RO         8300    .text               mc_w.l(scanf_char.o)
    0x08000b24   0x08000b24   0x00000040   Code   RO         8302    .text               mc_w.l(_sgetc.o)
    0x08000b64   0x08000b64   0x00000000   Code   RO         8304    .text               mc_w.l(iusefp.o)
    0x08000b64   0x08000b64   0x0000014e   Code   RO         8305    .text               mf_w.l(dadd.o)
    0x08000cb2   0x08000cb2   0x000000e4   Code   RO         8307    .text               mf_w.l(dmul.o)
    0x08000d96   0x08000d96   0x000000de   Code   RO         8309    .text               mf_w.l(ddiv.o)
    0x08000e74   0x08000e74   0x00000030   Code   RO         8311    .text               mf_w.l(dfixul.o)
    0x08000ea4   0x08000ea4   0x00000030   Code   RO         8313    .text               mf_w.l(cdrcmple.o)
    0x08000ed4   0x08000ed4   0x00000024   Code   RO         8315    .text               mc_w.l(init.o)
    0x08000ef8   0x08000ef8   0x00000024   Code   RO         8317    .text               mc_w.l(llsshr.o)
    0x08000f1c   0x08000f1c   0x0000000a   Code   RO         8319    .text               mc_w.l(isspace_c.o)
    0x08000f26   0x08000f26   0x0000001c   Code   RO         8321    .text               mc_w.l(_chval.o)
    0x08000f42   0x08000f42   0x00000002   PAD
    0x08000f44   0x08000f44   0x0000032c   Code   RO         8323    .text               mc_w.l(_scanf.o)
    0x08001270   0x08001270   0x000000ba   Code   RO         8325    .text               mf_w.l(depilogue.o)
    0x0800132a   0x0800132a   0x00000018   Code   RO         8327    .text               mf_w.l(dfltul.o)
    0x08001342   0x08001342   0x00000038   Code   RO         8329    .text               mf_w.l(d2f.o)
    0x0800137a   0x0800137a   0x00000002   PAD
    0x0800137c   0x0800137c   0x00000028   Code   RO         8331    .text               mc_w.l(ctype_c.o)
    0x080013a4   0x080013a4   0x0000006e   Code   RO         8334    .text               mf_w.l(fepilogue.o)
    0x08001412   0x08001412   0x00000056   Code   RO         8344    .text               mc_w.l(__dczerorl2.o)
    0x08001468   0x08001468   0x0000007e   Code   RO         2036    i.ADC_DMAConvCplt   stm32f4xx_hal_adc.o
    0x080014e6   0x080014e6   0x0000001a   Code   RO         2037    i.ADC_DMAError      stm32f4xx_hal_adc.o
    0x08001500   0x08001500   0x0000000e   Code   RO         2038    i.ADC_DMAHalfConvCplt  stm32f4xx_hal_adc.o
    0x0800150e   0x0800150e   0x00000002   PAD
    0x08001510   0x08001510   0x00000160   Code   RO         2039    i.ADC_Init          stm32f4xx_hal_adc.o
    0x08001670   0x08001670   0x00000018   Code   RO         5406    i.BlueTooth_Init    bluetooth.o
    0x08001688   0x08001688   0x0000004c   Code   RO         5407    i.BlueTooth_LockClose  bluetooth.o
    0x080016d4   0x080016d4   0x00000044   Code   RO         5408    i.BlueTooth_LockOpen  bluetooth.o
    0x08001718   0x08001718   0x00000026   Code   RO         5409    i.BlueTooth_Printf  bluetooth.o
    0x0800173e   0x0800173e   0x00000002   PAD
    0x08001740   0x08001740   0x000001e0   Code   RO         5410    i.BlueTooth_ProcessCmd  bluetooth.o
    0x08001920   0x08001920   0x00000048   Code   RO         5411    i.BlueTooth_Rx_Callback  bluetooth.o
    0x08001968   0x08001968   0x000000c0   Code   RO         5412    i.BlueTooth_ShowHelp  bluetooth.o
    0x08001a28   0x08001a28   0x00000134   Code   RO         5413    i.BlueTooth_ShowRecord  bluetooth.o
    0x08001b5c   0x08001b5c   0x00000078   Code   RO         5414    i.BlueTooth_ShowStatus  bluetooth.o
    0x08001bd4   0x08001bd4   0x00000020   Code   RO         5415    i.BlueTooth_Transmit  bluetooth.o
    0x08001bf4   0x08001bf4   0x00000004   Code   RO          877    i.BusFault_Handler  stm32f4xx_it.o
    0x08001bf8   0x08001bf8   0x00000100   Code   RO           13    i.Control_Decrease  taskdriver.o
    0x08001cf8   0x08001cf8   0x00000120   Code   RO           14    i.Control_Increase  taskdriver.o
    0x08001e18   0x08001e18   0x00000010   Code   RO          878    i.DMA1_Stream1_IRQHandler  stm32f4xx_it.o
    0x08001e28   0x08001e28   0x00000010   Code   RO          879    i.DMA1_Stream5_IRQHandler  stm32f4xx_it.o
    0x08001e38   0x08001e38   0x00000010   Code   RO          880    i.DMA2_Stream2_IRQHandler  stm32f4xx_it.o
    0x08001e48   0x08001e48   0x00000034   Code   RO         2815    i.DMA_CalcBaseAndBitshift  stm32f4xx_hal_dma.o
    0x08001e7c   0x08001e7c   0x000000aa   Code   RO         2816    i.DMA_CheckFifoParam  stm32f4xx_hal_dma.o
    0x08001f26   0x08001f26   0x0000002c   Code   RO         2817    i.DMA_SetConfig     stm32f4xx_hal_dma.o
    0x08001f52   0x08001f52   0x00000002   PAD
    0x08001f54   0x08001f54   0x00000028   Code   RO          318    i.DWT_Delay_Init    delay.o
    0x08001f7c   0x08001f7c   0x00000040   Code   RO         5880    i.Data_Erase        datamanage.o
    0x08001fbc   0x08001fbc   0x00000234   Code   RO         5881    i.Data_Read         datamanage.o
    0x080021f0   0x080021f0   0x00000124   Code   RO         5882    i.Data_Save         datamanage.o
    0x08002314   0x08002314   0x00000002   Code   RO          881    i.DebugMon_Handler  stm32f4xx_it.o
    0x08002316   0x08002316   0x00000002   PAD
    0x08002318   0x08002318   0x00000030   Code   RO          320    i.Delay_us          delay.o
    0x08002348   0x08002348   0x00000058   Code   RO         4988    i.Display_ChaInt    display.o
    0x080023a0   0x080023a0   0x00000058   Code   RO         4989    i.Display_InputInt  display.o
    0x080023f8   0x080023f8   0x000001e8   Code   RO         4990    i.Display_ReadView  display.o
    0x080025e0   0x080025e0   0x00000024   Code   RO         4991    i.Display_SelInt    display.o
    0x08002604   0x08002604   0x00000038   Code   RO         4992    i.Display_ShowChaErr  display.o
    0x0800263c   0x0800263c   0x00000028   Code   RO         4993    i.Display_ShowChaOK  display.o
    0x08002664   0x08002664   0x00000038   Code   RO         4994    i.Display_ShowChaPwd  display.o
    0x0800269c   0x0800269c   0x00000070   Code   RO         4995    i.Display_ShowControl  display.o
    0x0800270c   0x0800270c   0x0000001e   Code   RO         4996    i.Display_ShowDHT   display.o
    0x0800272a   0x0800272a   0x00000002   PAD
    0x0800272c   0x0800272c   0x00000058   Code   RO         4997    i.Display_ShowDate  display.o
    0x08002784   0x08002784   0x0000014c   Code   RO         4998    i.Display_ShowHistory  display.o
    0x080028d0   0x080028d0   0x00000018   Code   RO         4999    i.Display_ShowHum   display.o
    0x080028e8   0x080028e8   0x00000034   Code   RO         5000    i.Display_ShowHumAla  display.o
    0x0800291c   0x0800291c   0x00000064   Code   RO         5001    i.Display_ShowIDLE  display.o
    0x08002980   0x08002980   0x00000038   Code   RO         5002    i.Display_ShowInput  display.o
    0x080029b8   0x080029b8   0x00000018   Code   RO         5003    i.Display_ShowLED   display.o
    0x080029d0   0x080029d0   0x00000034   Code   RO         5004    i.Display_ShowLEDSet  display.o
    0x08002a04   0x08002a04   0x0000001c   Code   RO         5005    i.Display_ShowLenErr  display.o
    0x08002a20   0x08002a20   0x00000012   Code   RO         5006    i.Display_ShowLight  display.o
    0x08002a32   0x08002a32   0x00000002   PAD
    0x08002a34   0x08002a34   0x00000018   Code   RO         5007    i.Display_ShowLockErr  display.o
    0x08002a4c   0x08002a4c   0x00000018   Code   RO         5009    i.Display_ShowLockSuc  display.o
    0x08002a64   0x08002a64   0x0000006c   Code   RO         5010    i.Display_ShowMainMenu  display.o
    0x08002ad0   0x08002ad0   0x00000030   Code   RO         5011    i.Display_ShowMaxTem  display.o
    0x08002b00   0x08002b00   0x0000001c   Code   RO         5012    i.Display_ShowMemErr  display.o
    0x08002b1c   0x08002b1c   0x00000018   Code   RO         5013    i.Display_ShowMoOff  display.o
    0x08002b34   0x08002b34   0x00000018   Code   RO         5014    i.Display_ShowMoOn  display.o
    0x08002b4c   0x08002b4c   0x00000020   Code   RO         5015    i.Display_ShowOK    display.o
    0x08002b6c   0x08002b6c   0x00000030   Code   RO         5016    i.Display_ShowOnTem  display.o
    0x08002b9c   0x08002b9c   0x0000006c   Code   RO         5017    i.Display_ShowOpen  display.o
    0x08002c08   0x08002c08   0x0000001c   Code   RO         5018    i.Display_ShowPwdErr  display.o
    0x08002c24   0x08002c24   0x00000060   Code   RO         5019    i.Display_ShowRTC   display.o
    0x08002c84   0x08002c84   0x000000ac   Code   RO         5020    i.Display_ShowRTCSet  display.o
    0x08002d30   0x08002d30   0x00000058   Code   RO         5021    i.Display_ShowRTCSetInc  display.o
    0x08002d88   0x08002d88   0x00000044   Code   RO         5023    i.Display_ShowSet   display.o
    0x08002dcc   0x08002dcc   0x0000004c   Code   RO         5024    i.Display_ShowSetDate  display.o
    0x08002e18   0x08002e18   0x0000003c   Code   RO         5025    i.Display_ShowSetTime  display.o
    0x08002e54   0x08002e54   0x00000018   Code   RO         5026    i.Display_ShowSmo   display.o
    0x08002e6c   0x08002e6c   0x0000001e   Code   RO         5027    i.Display_ShowSmog  display.o
    0x08002e8a   0x08002e8a   0x00000002   PAD
    0x08002e8c   0x08002e8c   0x00000034   Code   RO         5028    i.Display_ShowSmogAla  display.o
    0x08002ec0   0x08002ec0   0x00000018   Code   RO         5029    i.Display_ShowTem   display.o
    0x08002ed8   0x08002ed8   0x00000034   Code   RO         5030    i.Display_ShowTemAla  display.o
    0x08002f0c   0x08002f0c   0x00000044   Code   RO         5031    i.Display_ShowTime  display.o
    0x08002f50   0x08002f50   0x0000007c   Code   RO         5032    i.Display_Showsel   display.o
    0x08002fcc   0x08002fcc   0x00000028   Code   RO         5033    i.Display_ViewInt   display.o
    0x08002ff4   0x08002ff4   0x00000040   Code   RO           15    i.Err_Check         taskdriver.o
    0x08003034   0x08003034   0x00000006   Code   RO          459    i.Error_Handler     main.o
    0x0800303a   0x0800303a   0x00000002   PAD
    0x0800303c   0x0800303c   0x00000024   Code   RO         5763    i.Flash_EnableWrite  flash.o
    0x08003060   0x08003060   0x00000048   Code   RO         5765    i.Flash_EraseSector  flash.o
    0x080030a8   0x080030a8   0x00000058   Code   RO         5768    i.Flash_Read        flash.o
    0x08003100   0x08003100   0x00000030   Code   RO         5770    i.Flash_ReadSR      flash.o
    0x08003130   0x08003130   0x00000012   Code   RO         5771    i.Flash_WaitBusy    flash.o
    0x08003142   0x08003142   0x00000002   PAD
    0x08003144   0x08003144   0x000000c0   Code   RO         5772    i.Flash_Write       flash.o
    0x08003204   0x08003204   0x00000014   Code   RO         5773    i.Flash_WriteByte   flash.o
    0x08003218   0x08003218   0x0000005c   Code   RO         5774    i.Flash_WritePage   flash.o
    0x08003274   0x08003274   0x00000020   Code   RO         5775    i.Flash_WriteRead   flash.o
    0x08003294   0x08003294   0x00000046   Code   RO         5777    i.Flash_Write_NoCheck  flash.o
    0x080032da   0x080032da   0x00000002   PAD
    0x080032dc   0x080032dc   0x0000018c   Code   RO         2041    i.HAL_ADC_ConfigChannel  stm32f4xx_hal_adc.o
    0x08003468   0x08003468   0x00000030   Code   RO         5704    i.HAL_ADC_ConvCpltCallback  sensorread.o
    0x08003498   0x08003498   0x00000002   Code   RO         2043    i.HAL_ADC_ConvHalfCpltCallback  stm32f4xx_hal_adc.o
    0x0800349a   0x0800349a   0x00000002   Code   RO         2045    i.HAL_ADC_ErrorCallback  stm32f4xx_hal_adc.o
    0x0800349c   0x0800349c   0x00000068   Code   RO         2050    i.HAL_ADC_Init      stm32f4xx_hal_adc.o
    0x08003504   0x08003504   0x000000b4   Code   RO          599    i.HAL_ADC_MspInit   adc.o
    0x080035b8   0x080035b8   0x000001bc   Code   RO         2057    i.HAL_ADC_Start_DMA  stm32f4xx_hal_adc.o
    0x08003774   0x08003774   0x000000ac   Code   RO         2818    i.HAL_DMA_Abort     stm32f4xx_hal_dma.o
    0x08003820   0x08003820   0x00000028   Code   RO         2819    i.HAL_DMA_Abort_IT  stm32f4xx_hal_dma.o
    0x08003848   0x08003848   0x00000240   Code   RO         2823    i.HAL_DMA_IRQHandler  stm32f4xx_hal_dma.o
    0x08003a88   0x08003a88   0x000000ec   Code   RO         2824    i.HAL_DMA_Init      stm32f4xx_hal_dma.o
    0x08003b74   0x08003b74   0x00000092   Code   RO         2828    i.HAL_DMA_Start_IT  stm32f4xx_hal_dma.o
    0x08003c06   0x08003c06   0x00000002   PAD
    0x08003c08   0x08003c08   0x00000028   Code   RO         3260    i.HAL_Delay         stm32f4xx_hal.o
    0x08003c30   0x08003c30   0x000001f4   Code   RO         2711    i.HAL_GPIO_Init     stm32f4xx_hal_gpio.o
    0x08003e24   0x08003e24   0x00000010   Code   RO         2713    i.HAL_GPIO_ReadPin  stm32f4xx_hal_gpio.o
    0x08003e34   0x08003e34   0x0000000c   Code   RO         2715    i.HAL_GPIO_WritePin  stm32f4xx_hal_gpio.o
    0x08003e40   0x08003e40   0x0000000c   Code   RO         3266    i.HAL_GetTick       stm32f4xx_hal.o
    0x08003e4c   0x08003e4c   0x00000018   Code   RO         3272    i.HAL_IncTick       stm32f4xx_hal.o
    0x08003e64   0x08003e64   0x0000003c   Code   RO         3273    i.HAL_Init          stm32f4xx_hal.o
    0x08003ea0   0x08003ea0   0x000000b4   Code   RO         1013    i.HAL_InitTick      stm32f4xx_hal_timebase_tim.o
    0x08003f54   0x08003f54   0x00000054   Code   RO          989    i.HAL_MspInit       stm32f4xx_hal_msp.o
    0x08003fa8   0x08003fa8   0x00000028   Code   RO         3103    i.HAL_NVIC_EnableIRQ  stm32f4xx_hal_cortex.o
    0x08003fd0   0x08003fd0   0x0000007c   Code   RO         3109    i.HAL_NVIC_SetPriority  stm32f4xx_hal_cortex.o
    0x0800404c   0x0800404c   0x00000028   Code   RO         3110    i.HAL_NVIC_SetPriorityGrouping  stm32f4xx_hal_cortex.o
    0x08004074   0x08004074   0x000001a0   Code   RO         2417    i.HAL_RCCEx_PeriphCLKConfig  stm32f4xx_hal_rcc_ex.o
    0x08004214   0x08004214   0x00000184   Code   RO         2312    i.HAL_RCC_ClockConfig  stm32f4xx_hal_rcc.o
    0x08004398   0x08004398   0x00000044   Code   RO         2316    i.HAL_RCC_GetClockConfig  stm32f4xx_hal_rcc.o
    0x080043dc   0x080043dc   0x0000000c   Code   RO         2317    i.HAL_RCC_GetHCLKFreq  stm32f4xx_hal_rcc.o
    0x080043e8   0x080043e8   0x00000020   Code   RO         2319    i.HAL_RCC_GetPCLK1Freq  stm32f4xx_hal_rcc.o
    0x08004408   0x08004408   0x00000020   Code   RO         2320    i.HAL_RCC_GetPCLK2Freq  stm32f4xx_hal_rcc.o
    0x08004428   0x08004428   0x000000b0   Code   RO         2321    i.HAL_RCC_GetSysClockFreq  stm32f4xx_hal_rcc.o
    0x080044d8   0x080044d8   0x0000049c   Code   RO         2324    i.HAL_RCC_OscConfig  stm32f4xx_hal_rcc.o
    0x08004974   0x08004974   0x00000012   Code   RO         3686    i.HAL_RTCEx_BKUPRead  stm32f4xx_hal_rtc_ex.o
    0x08004986   0x08004986   0x00000012   Code   RO         3687    i.HAL_RTCEx_BKUPWrite  stm32f4xx_hal_rtc_ex.o
    0x08004998   0x08004998   0x0000004c   Code   RO         3521    i.HAL_RTC_GetDate   stm32f4xx_hal_rtc.o
    0x080049e4   0x080049e4   0x0000005c   Code   RO         3523    i.HAL_RTC_GetTime   stm32f4xx_hal_rtc.o
    0x08004a40   0x08004a40   0x000000b4   Code   RO         3524    i.HAL_RTC_Init      stm32f4xx_hal_rtc.o
    0x08004af4   0x08004af4   0x0000003c   Code   RO          668    i.HAL_RTC_MspInit   rtc.o
    0x08004b30   0x08004b30   0x000000c0   Code   RO         3530    i.HAL_RTC_SetDate   stm32f4xx_hal_rtc.o
    0x08004bf0   0x08004bf0   0x000000ec   Code   RO         3531    i.HAL_RTC_SetTime   stm32f4xx_hal_rtc.o
    0x08004cdc   0x08004cdc   0x00000038   Code   RO         3532    i.HAL_RTC_WaitForSynchro  stm32f4xx_hal_rtc.o
    0x08004d14   0x08004d14   0x000000c8   Code   RO         3924    i.HAL_SPI_Init      stm32f4xx_hal_spi.o
    0x08004ddc   0x08004ddc   0x00000088   Code   RO          710    i.HAL_SPI_MspInit   spi.o
    0x08004e64   0x08004e64   0x000001be   Code   RO         3932    i.HAL_SPI_Transmit  stm32f4xx_hal_spi.o
    0x08005022   0x08005022   0x00000248   Code   RO         3933    i.HAL_SPI_TransmitReceive  stm32f4xx_hal_spi.o
    0x0800526a   0x0800526a   0x00000002   Code   RO         1769    i.HAL_TIMEx_BreakCallback  stm32f4xx_hal_tim_ex.o
    0x0800526c   0x0800526c   0x00000002   Code   RO         1770    i.HAL_TIMEx_CommutCallback  stm32f4xx_hal_tim_ex.o
    0x0800526e   0x0800526e   0x00000002   PAD
    0x08005270   0x08005270   0x000000b4   Code   RO         1788    i.HAL_TIMEx_MasterConfigSynchronization  stm32f4xx_hal_tim_ex.o
    0x08005324   0x08005324   0x00000066   Code   RO         1054    i.HAL_TIM_Base_Init  stm32f4xx_hal_tim.o
    0x0800538a   0x0800538a   0x00000002   PAD
    0x0800538c   0x0800538c   0x00000244   Code   RO          752    i.HAL_TIM_Base_MspInit  tim.o
    0x080055d0   0x080055d0   0x000000a8   Code   RO         1059    i.HAL_TIM_Base_Start_IT  stm32f4xx_hal_tim.o
    0x08005678   0x08005678   0x0000010c   Code   RO         1063    i.HAL_TIM_ConfigClockSource  stm32f4xx_hal_tim.o
    0x08005784   0x08005784   0x00000064   Code   RO         6001    i.HAL_TIM_IC_CaptureCallback  irreceive.o
    0x080057e8   0x080057e8   0x000000de   Code   RO         1090    i.HAL_TIM_IC_ConfigChannel  stm32f4xx_hal_tim.o
    0x080058c6   0x080058c6   0x00000066   Code   RO         1093    i.HAL_TIM_IC_Init   stm32f4xx_hal_tim.o
    0x0800592c   0x0800592c   0x00000002   Code   RO         1095    i.HAL_TIM_IC_MspInit  stm32f4xx_hal_tim.o
    0x0800592e   0x0800592e   0x0000016c   Code   RO         1102    i.HAL_TIM_IRQHandler  stm32f4xx_hal_tim.o
    0x08005a9a   0x08005a9a   0x00000002   PAD
    0x08005a9c   0x08005a9c   0x00000130   Code   RO          753    i.HAL_TIM_MspPostInit  tim.o
    0x08005bcc   0x08005bcc   0x00000002   Code   RO         1105    i.HAL_TIM_OC_DelayElapsedCallback  stm32f4xx_hal_tim.o
    0x08005bce   0x08005bce   0x00000104   Code   RO         1126    i.HAL_TIM_PWM_ConfigChannel  stm32f4xx_hal_tim.o
    0x08005cd2   0x08005cd2   0x00000066   Code   RO         1129    i.HAL_TIM_PWM_Init  stm32f4xx_hal_tim.o
    0x08005d38   0x08005d38   0x00000002   Code   RO         1131    i.HAL_TIM_PWM_MspInit  stm32f4xx_hal_tim.o
    0x08005d3a   0x08005d3a   0x00000002   Code   RO         1132    i.HAL_TIM_PWM_PulseFinishedCallback  stm32f4xx_hal_tim.o
    0x08005d3c   0x08005d3c   0x0000010c   Code   RO         1134    i.HAL_TIM_PWM_Start  stm32f4xx_hal_tim.o
    0x08005e48   0x08005e48   0x00000018   Code   RO         5705    i.HAL_TIM_PeriodElapsedCallback  sensorread.o
    0x08005e60   0x08005e60   0x00000032   Code   RO         1142    i.HAL_TIM_ReadCapturedValue  stm32f4xx_hal_tim.o
    0x08005e92   0x08005e92   0x00000002   Code   RO         1145    i.HAL_TIM_TriggerCallback  stm32f4xx_hal_tim.o
    0x08005e94   0x08005e94   0x00000070   Code   RO         4245    i.HAL_UARTEx_ReceiveToIdle_DMA  stm32f4xx_hal_uart.o
    0x08005f04   0x08005f04   0x00000044   Code   RO           16    i.HAL_UARTEx_RxEventCallback  taskdriver.o
    0x08005f48   0x08005f48   0x00000002   Code   RO         4261    i.HAL_UART_ErrorCallback  stm32f4xx_hal_uart.o
    0x08005f4a   0x08005f4a   0x00000002   PAD
    0x08005f4c   0x08005f4c   0x00000308   Code   RO         4264    i.HAL_UART_IRQHandler  stm32f4xx_hal_uart.o
    0x08006254   0x08006254   0x00000076   Code   RO         4265    i.HAL_UART_Init     stm32f4xx_hal_uart.o
    0x080062ca   0x080062ca   0x00000002   PAD
    0x080062cc   0x080062cc   0x000001a0   Code   RO          830    i.HAL_UART_MspInit  usart.o
    0x0800646c   0x0800646c   0x00000002   Code   RO         4271    i.HAL_UART_RxCpltCallback  stm32f4xx_hal_uart.o
    0x0800646e   0x0800646e   0x00000002   Code   RO         4272    i.HAL_UART_RxHalfCpltCallback  stm32f4xx_hal_uart.o
    0x08006470   0x08006470   0x000000be   Code   RO         4273    i.HAL_UART_Transmit  stm32f4xx_hal_uart.o
    0x0800652e   0x0800652e   0x00000002   Code   RO         4276    i.HAL_UART_TxCpltCallback  stm32f4xx_hal_uart.o
    0x08006530   0x08006530   0x00000004   Code   RO          882    i.HardFault_Handler  stm32f4xx_it.o
    0x08006534   0x08006534   0x00000018   Code   RO         5551    i.IRSensor_Detected  irsensor.o
    0x0800654c   0x0800654c   0x0000006c   Code   RO           17    i.IR_LightControl   taskdriver.o
    0x080065b8   0x080065b8   0x00000018   Code   RO           18    i.Lock_Close        taskdriver.o
    0x080065d0   0x080065d0   0x00000018   Code   RO           19    i.Lock_Open         taskdriver.o
    0x080065e8   0x080065e8   0x000000a4   Code   RO          600    i.MX_ADC1_Init      adc.o
    0x0800668c   0x0800668c   0x00000078   Code   RO          640    i.MX_DMA_Init       dma.o
    0x08006704   0x08006704   0x000000a0   Code   RO          558    i.MX_FREERTOS_Init  freertos.o
    0x080067a4   0x080067a4   0x000001a0   Code   RO          528    i.MX_GPIO_Init      gpio.o
    0x08006944   0x08006944   0x000000a8   Code   RO          669    i.MX_RTC_Init       rtc.o
    0x080069ec   0x080069ec   0x00000048   Code   RO          711    i.MX_SPI1_Init      spi.o
    0x08006a34   0x08006a34   0x000000a0   Code   RO          754    i.MX_TIM1_Init      tim.o
    0x08006ad4   0x08006ad4   0x000000c4   Code   RO          756    i.MX_TIM3_Init      tim.o
    0x08006b98   0x08006b98   0x000000a8   Code   RO          757    i.MX_TIM4_Init      tim.o
    0x08006c40   0x08006c40   0x000000a4   Code   RO          758    i.MX_TIM5_Init      tim.o
    0x08006ce4   0x08006ce4   0x000000a4   Code   RO          759    i.MX_TIM8_Init      tim.o
    0x08006d88   0x08006d88   0x00000038   Code   RO          831    i.MX_USART1_UART_Init  usart.o
    0x08006dc0   0x08006dc0   0x00000038   Code   RO          832    i.MX_USART2_UART_Init  usart.o
    0x08006df8   0x08006df8   0x0000005c   Code   RO         4645    i.Matrix_GetNum     matrix.o
    0x08006e54   0x08006e54   0x00000104   Code   RO         4646    i.Matrix_Scan_Raw   matrix.o
    0x08006f58   0x08006f58   0x00000030   Code   RO         4647    i.Matrix_Set        matrix.o
    0x08006f88   0x08006f88   0x00000004   Code   RO          883    i.MemManage_Handler  stm32f4xx_it.o
    0x08006f8c   0x08006f8c   0x00000010   Code   RO         5611    i.Motor_Init        motor.o
    0x08006f9c   0x08006f9c   0x00000004   Code   RO          884    i.NMI_Handler       stm32f4xx_it.o
    0x08006fa0   0x08006fa0   0x00000024   Code   RO         4680    i.NewPassword_Clear  password.o
    0x08006fc4   0x08006fc4   0x00000030   Code   RO         4681    i.NewPassword_Set   password.o
    0x08006ff4   0x08006ff4   0x0000002a   Code   RO         4814    i.OLED_Clear        oled.o
    0x0800701e   0x0800701e   0x00000002   PAD
    0x08007020   0x08007020   0x0000001c   Code   RO         4815    i.OLED_I2C_Init     oled.o
    0x0800703c   0x0800703c   0x00000074   Code   RO         4816    i.OLED_I2C_SendByte  oled.o
    0x080070b0   0x080070b0   0x00000040   Code   RO         4817    i.OLED_I2C_Start    oled.o
    0x080070f0   0x080070f0   0x00000030   Code   RO         4818    i.OLED_I2C_Stop     oled.o
    0x08007120   0x08007120   0x000000b4   Code   RO         4819    i.OLED_Init         oled.o
    0x080071d4   0x080071d4   0x00000014   Code   RO         4820    i.OLED_Pow          oled.o
    0x080071e8   0x080071e8   0x00000022   Code   RO         4821    i.OLED_SetCursor    oled.o
    0x0800720a   0x0800720a   0x00000002   PAD
    0x0800720c   0x0800720c   0x00000074   Code   RO         4823    i.OLED_ShowChar     oled.o
    0x08007280   0x08007280   0x00000044   Code   RO         4825    i.OLED_ShowNum      oled.o
    0x080072c4   0x080072c4   0x00000028   Code   RO         4827    i.OLED_ShowString   oled.o
    0x080072ec   0x080072ec   0x00000020   Code   RO         4828    i.OLED_WriteCommand  oled.o
    0x0800730c   0x0800730c   0x00000020   Code   RO         4829    i.OLED_WriteData    oled.o
    0x0800732c   0x0800732c   0x00000020   Code   RO         4682    i.Open_Error        password.o
    0x0800734c   0x0800734c   0x00000010   Code   RO         5642    i.PWMLED_Init       pwm.o
    0x0800735c   0x0800735c   0x00000018   Code   RO         5643    i.PWMLED_SetBright  pwm.o
    0x08007374   0x08007374   0x000000a8   Code   RO         4683    i.PW_Select         password.o
    0x0800741c   0x0800741c   0x000000d8   Code   RO         4684    i.Password_Change   password.o
    0x080074f4   0x080074f4   0x00000018   Code   RO         4685    i.Password_Clear    password.o
    0x0800750c   0x0800750c   0x000000dc   Code   RO         4686    i.Password_Refresh  password.o
    0x080075e8   0x080075e8   0x0000004c   Code   RO         4687    i.Password_Select   password.o
    0x08007634   0x08007634   0x000001a4   Code   RO         4688    i.Password_Vertify  password.o
    0x080077d8   0x080077d8   0x00000016   Code   RO         3533    i.RTC_Bcd2ToByte    stm32f4xx_hal_rtc.o
    0x080077ee   0x080077ee   0x0000001a   Code   RO         3534    i.RTC_ByteToBcd2    stm32f4xx_hal_rtc.o
    0x08007808   0x08007808   0x00000158   Code   RO           20    i.RTC_Decrease      taskdriver.o
    0x08007960   0x08007960   0x0000004a   Code   RO         3535    i.RTC_EnterInitMode  stm32f4xx_hal_rtc.o
    0x080079aa   0x080079aa   0x0000002e   Code   RO         3536    i.RTC_ExitInitMode  stm32f4xx_hal_rtc.o
    0x080079d8   0x080079d8   0x00000034   Code   RO         5924    i.RTC_GetDate       rtctime.o
    0x08007a0c   0x08007a0c   0x00000030   Code   RO         5925    i.RTC_GetTime       rtctime.o
    0x08007a3c   0x08007a3c   0x00000158   Code   RO           21    i.RTC_Increase      taskdriver.o
    0x08007b94   0x08007b94   0x00000030   Code   RO         5926    i.RTC_SetDate       rtctime.o
    0x08007bc4   0x08007bc4   0x00000030   Code   RO         5927    i.RTC_SetTime       rtctime.o
    0x08007bf4   0x08007bf4   0x00000088   Code   RO         3962    i.SPI_EndRxTxTransaction  stm32f4xx_hal_spi.o
    0x08007c7c   0x08007c7c   0x000000d8   Code   RO         3967    i.SPI_WaitFlagStateUntilTimeout  stm32f4xx_hal_spi.o
    0x08007d54   0x08007d54   0x00000020   Code   RO         5706    i.SensorRead_Init   sensorread.o
    0x08007d74   0x08007d74   0x00000018   Code   RO         5296    i.Serial_Init       serial.o
    0x08007d8c   0x08007d8c   0x00000050   Code   RO         5297    i.Serial_LockClose  serial.o
    0x08007ddc   0x08007ddc   0x0000004c   Code   RO         5298    i.Serial_LockOpen   serial.o
    0x08007e28   0x08007e28   0x00000154   Code   RO         5299    i.Serial_ProcessCmd  serial.o
    0x08007f7c   0x08007f7c   0x00000048   Code   RO         5300    i.Serial_Rx_Callback  serial.o
    0x08007fc4   0x08007fc4   0x000000c0   Code   RO         5301    i.Serial_ShowHelp   serial.o
    0x08008084   0x08008084   0x0000013c   Code   RO         5302    i.Serial_ShowRecord  serial.o
    0x080081c0   0x080081c0   0x00000078   Code   RO         5303    i.Serial_ShowStatus  serial.o
    0x08008238   0x08008238   0x00000010   Code   RO         5673    i.Servo_Init        servo.o
    0x08008248   0x08008248   0x00000018   Code   RO         5304    i.SetBrightness     serial.o
    0x08008260   0x08008260   0x00000018   Code   RO         5416    i.SetBrightness     bluetooth.o
    0x08008278   0x08008278   0x0000000c   Code   RO         5305    i.SetHumiThre       serial.o
    0x08008284   0x08008284   0x0000000c   Code   RO         5417    i.SetHumiThre       bluetooth.o
    0x08008290   0x08008290   0x0000000c   Code   RO         5306    i.SetMotorMax       serial.o
    0x0800829c   0x0800829c   0x0000000c   Code   RO         5418    i.SetMotorMax       bluetooth.o
    0x080082a8   0x080082a8   0x0000000c   Code   RO         5307    i.SetMotorOn        serial.o
    0x080082b4   0x080082b4   0x0000000c   Code   RO         5419    i.SetMotorOn        bluetooth.o
    0x080082c0   0x080082c0   0x0000000c   Code   RO         5308    i.SetSmogThre       serial.o
    0x080082cc   0x080082cc   0x0000000c   Code   RO         5420    i.SetSmogThre       bluetooth.o
    0x080082d8   0x080082d8   0x0000000c   Code   RO         5309    i.SetTempThre       serial.o
    0x080082e4   0x080082e4   0x0000000c   Code   RO         5421    i.SetTempThre       bluetooth.o
    0x080082f0   0x080082f0   0x00000018   Code   RO           22    i.StartComm_Task    taskdriver.o
    0x08008308   0x08008308   0x0000003c   Code   RO           23    i.StartHwControl_Task  taskdriver.o
    0x08008344   0x08008344   0x00000028   Code   RO           24    i.StartKeyScan_Task  taskdriver.o
    0x0800836c   0x0800836c   0x000004c4   Code   RO           26    i.StartUI_Task      taskdriver.o
    0x08008830   0x08008830   0x00000054   Code   RO         4773    i.StepMotor_Forward  stepmotor.o
    0x08008884   0x08008884   0x0000000e   Code   RO         4774    i.StepMotor_Forward_90_Degree  stepmotor.o
    0x08008892   0x08008892   0x00000002   PAD
    0x08008894   0x08008894   0x0000007c   Code   RO         4775    i.StepMotor_Step    stepmotor.o
    0x08008910   0x08008910   0x00000038   Code   RO         4776    i.StepMotor_Stop    stepmotor.o
    0x08008948   0x08008948   0x00000016   Code   RO         7321    i.SysTick_Handler   cmsis_os2.o
    0x0800895e   0x0800895e   0x00000002   PAD
    0x08008960   0x08008960   0x000000b8   Code   RO          460    i.SystemClock_Config  main.o
    0x08008a18   0x08008a18   0x00000014   Code   RO         4609    i.SystemInit        system_stm32f4xx.o
    0x08008a2c   0x08008a2c   0x00000010   Code   RO          885    i.TIM2_IRQHandler   stm32f4xx_it.o
    0x08008a3c   0x08008a3c   0x00000010   Code   RO          886    i.TIM3_IRQHandler   stm32f4xx_it.o
    0x08008a4c   0x08008a4c   0x00000010   Code   RO          887    i.TIM8_CC_IRQHandler  stm32f4xx_it.o
    0x08008a5c   0x08008a5c   0x00000018   Code   RO          888    i.TIM8_TRG_COM_TIM14_IRQHandler  stm32f4xx_it.o
    0x08008a74   0x08008a74   0x000000e0   Code   RO         1147    i.TIM_Base_SetConfig  stm32f4xx_hal_tim.o
    0x08008b54   0x08008b54   0x00000022   Code   RO         1148    i.TIM_CCxChannelCmd  stm32f4xx_hal_tim.o
    0x08008b76   0x08008b76   0x00000016   Code   RO         1158    i.TIM_ETR_SetConfig  stm32f4xx_hal_tim.o
    0x08008b8c   0x08008b8c   0x00000012   Code   RO         1159    i.TIM_ITRx_SetConfig  stm32f4xx_hal_tim.o
    0x08008b9e   0x08008b9e   0x00000002   PAD
    0x08008ba0   0x08008ba0   0x00000070   Code   RO         1160    i.TIM_OC1_SetConfig  stm32f4xx_hal_tim.o
    0x08008c10   0x08008c10   0x0000007c   Code   RO         1161    i.TIM_OC2_SetConfig  stm32f4xx_hal_tim.o
    0x08008c8c   0x08008c8c   0x00000078   Code   RO         1162    i.TIM_OC3_SetConfig  stm32f4xx_hal_tim.o
    0x08008d04   0x08008d04   0x00000054   Code   RO         1163    i.TIM_OC4_SetConfig  stm32f4xx_hal_tim.o
    0x08008d58   0x08008d58   0x00000026   Code   RO         1165    i.TIM_TI1_ConfigInputStage  stm32f4xx_hal_tim.o
    0x08008d7e   0x08008d7e   0x00000002   PAD
    0x08008d80   0x08008d80   0x00000090   Code   RO         1166    i.TIM_TI1_SetConfig  stm32f4xx_hal_tim.o
    0x08008e10   0x08008e10   0x00000028   Code   RO         1167    i.TIM_TI2_ConfigInputStage  stm32f4xx_hal_tim.o
    0x08008e38   0x08008e38   0x0000003a   Code   RO         1168    i.TIM_TI2_SetConfig  stm32f4xx_hal_tim.o
    0x08008e72   0x08008e72   0x00000038   Code   RO         1169    i.TIM_TI3_SetConfig  stm32f4xx_hal_tim.o
    0x08008eaa   0x08008eaa   0x0000003c   Code   RO         1170    i.TIM_TI4_SetConfig  stm32f4xx_hal_tim.o
    0x08008ee6   0x08008ee6   0x00000002   PAD
    0x08008ee8   0x08008ee8   0x00000034   Code   RO           27    i.TaskDriver_Init   taskdriver.o
    0x08008f1c   0x08008f1c   0x00000010   Code   RO         5967    i.TickTime_Init     ticktime.o
    0x08008f2c   0x08008f2c   0x00000088   Code   RO         4689    i.TimeToMemory      password.o
    0x08008fb4   0x08008fb4   0x00000012   Code   RO         4278    i.UART_DMAAbortOnError  stm32f4xx_hal_uart.o
    0x08008fc6   0x08008fc6   0x00000050   Code   RO         4279    i.UART_DMAError     stm32f4xx_hal_uart.o
    0x08009016   0x08009016   0x000000b4   Code   RO         4280    i.UART_DMAReceiveCplt  stm32f4xx_hal_uart.o
    0x080090ca   0x080090ca   0x00000024   Code   RO         4282    i.UART_DMARxHalfCplt  stm32f4xx_hal_uart.o
    0x080090ee   0x080090ee   0x0000006c   Code   RO         4288    i.UART_EndRxTransfer  stm32f4xx_hal_uart.o
    0x0800915a   0x0800915a   0x00000020   Code   RO         4289    i.UART_EndTransmit_IT  stm32f4xx_hal_uart.o
    0x0800917a   0x0800917a   0x00000026   Code   RO         4290    i.UART_EndTxTransfer  stm32f4xx_hal_uart.o
    0x080091a0   0x080091a0   0x000000fc   Code   RO         4291    i.UART_Receive_IT   stm32f4xx_hal_uart.o
    0x0800929c   0x0800929c   0x0000022c   Code   RO         4292    i.UART_SetConfig    stm32f4xx_hal_uart.o
    0x080094c8   0x080094c8   0x000000d8   Code   RO         4293    i.UART_Start_Receive_DMA  stm32f4xx_hal_uart.o
    0x080095a0   0x080095a0   0x00000060   Code   RO         4295    i.UART_Transmit_IT  stm32f4xx_hal_uart.o
    0x08009600   0x08009600   0x0000008c   Code   RO         4296    i.UART_WaitOnFlagUntilTimeout  stm32f4xx_hal_uart.o
    0x0800968c   0x0800968c   0x00000010   Code   RO          889    i.USART1_IRQHandler  stm32f4xx_it.o
    0x0800969c   0x0800969c   0x00000010   Code   RO          890    i.USART2_IRQHandler  stm32f4xx_it.o
    0x080096ac   0x080096ac   0x00000004   Code   RO          891    i.UsageFault_Handler  stm32f4xx_it.o
    0x080096b0   0x080096b0   0x0000006c   Code   RO         4690    i.UserwordToMemory  password.o
    0x0800971c   0x0800971c   0x00000024   Code   RO         4691    i.Userword_Clear    password.o
    0x08009740   0x08009740   0x00000020   Code   RO         8239    i.__0printf         mc_w.l(printfa.o)
    0x08009760   0x08009760   0x0000002c   Code   RO         8244    i.__0vsnprintf      mc_w.l(printfa.o)
    0x0800978c   0x0800978c   0x00000010   Code   RO         3116    i.__NVIC_GetPriorityGrouping  stm32f4xx_hal_cortex.o
    0x0800979c   0x0800979c   0x00000028   Code   RO         3117    i.__NVIC_SetPriority  stm32f4xx_hal_cortex.o
    0x080097c4   0x080097c4   0x00000006   Code   RO         7323    i.__get_IPSR        cmsis_os2.o
    0x080097ca   0x080097ca   0x0000000e   Code   RO         8338    i.__scatterload_copy  mc_w.l(handlers.o)
    0x080097d8   0x080097d8   0x00000002   Code   RO         8339    i.__scatterload_null  mc_w.l(handlers.o)
    0x080097da   0x080097da   0x0000000e   Code   RO         8340    i.__scatterload_zeroinit  mc_w.l(handlers.o)
    0x080097e8   0x080097e8   0x00000184   Code   RO         8246    i._fp_digits        mc_w.l(printfa.o)
    0x0800996c   0x0800996c   0x0000000e   Code   RO         8298    i._is_digit         mc_w.l(scanf_fp.o)
    0x0800997a   0x0800997a   0x00000002   PAD
    0x0800997c   0x0800997c   0x000006dc   Code   RO         8247    i._printf_core      mc_w.l(printfa.o)
    0x0800a058   0x0800a058   0x00000024   Code   RO         8248    i._printf_post_padding  mc_w.l(printfa.o)
    0x0800a07c   0x0800a07c   0x0000002e   Code   RO         8249    i._printf_pre_padding  mc_w.l(printfa.o)
    0x0800a0aa   0x0800a0aa   0x00000016   Code   RO         8250    i._snputc           mc_w.l(printfa.o)
    0x0800a0c0   0x0800a0c0   0x0000001c   Code   RO         5310    i.fputc             serial.o
    0x0800a0dc   0x0800a0dc   0x00000050   Code   RO          461    i.main              main.o
    0x0800a12c   0x0800a12c   0x0000001e   Code   RO         7324    i.osDelay           cmsis_os2.o
    0x0800a14a   0x0800a14a   0x00000002   PAD
    0x0800a14c   0x0800a14c   0x0000002c   Code   RO         7338    i.osKernelInitialize  cmsis_os2.o
    0x0800a178   0x0800a178   0x00000060   Code   RO         7341    i.osKernelStart     cmsis_os2.o
    0x0800a1d8   0x0800a1d8   0x00000080   Code   RO         7353    i.osMessageQueueGet  cmsis_os2.o
    0x0800a258   0x0800a258   0x0000009a   Code   RO         7358    i.osMessageQueueNew  cmsis_os2.o
    0x0800a2f2   0x0800a2f2   0x00000002   PAD
    0x0800a2f4   0x0800a2f4   0x00000084   Code   RO         7359    i.osMessageQueuePut  cmsis_os2.o
    0x0800a378   0x0800a378   0x00000062   Code   RO         7361    i.osMutexAcquire    cmsis_os2.o
    0x0800a3da   0x0800a3da   0x000000b2   Code   RO         7364    i.osMutexNew        cmsis_os2.o
    0x0800a48c   0x0800a48c   0x0000004e   Code   RO         7365    i.osMutexRelease    cmsis_os2.o
    0x0800a4da   0x0800a4da   0x00000002   PAD
    0x0800a4dc   0x0800a4dc   0x00000080   Code   RO         7375    i.osThreadFlagsSet  cmsis_os2.o
    0x0800a55c   0x0800a55c   0x000000b2   Code   RO         7376    i.osThreadFlagsWait  cmsis_os2.o
    0x0800a60e   0x0800a60e   0x000000b8   Code   RO         7383    i.osThreadNew       cmsis_os2.o
    0x0800a6c6   0x0800a6c6   0x00000002   PAD
    0x0800a6c8   0x0800a6c8   0x0000007c   Code   RO         6758    i.prvAddCurrentTaskToDelayedList  tasks.o
    0x0800a744   0x0800a744   0x000000b8   Code   RO         6759    i.prvAddNewTaskToReadyList  tasks.o
    0x0800a7fc   0x0800a7fc   0x00000074   Code   RO         7134    i.prvCheckForValidListAndQueue  timers.o
    0x0800a870   0x0800a870   0x00000048   Code   RO         6760    i.prvCheckTasksWaitingTermination  tasks.o
    0x0800a8b8   0x0800a8b8   0x0000002a   Code   RO         6345    i.prvCopyDataFromQueue  queue.o
    0x0800a8e2   0x0800a8e2   0x0000007e   Code   RO         6346    i.prvCopyDataToQueue  queue.o
    0x0800a960   0x0800a960   0x00000050   Code   RO         6761    i.prvDeleteTCB      tasks.o
    0x0800a9b0   0x0800a9b0   0x00000014   Code   RO         6347    i.prvGetDisinheritPriorityAfterTimeout  queue.o
    0x0800a9c4   0x0800a9c4   0x00000028   Code   RO         7135    i.prvGetNextExpireTime  timers.o
    0x0800a9ec   0x0800a9ec   0x0000007c   Code   RO         7855    i.prvHeapInit       heap_4.o
    0x0800aa68   0x0800aa68   0x00000028   Code   RO         6762    i.prvIdleTask       tasks.o
    0x0800aa90   0x0800aa90   0x0000001e   Code   RO         6348    i.prvInitialiseMutex  queue.o
    0x0800aaae   0x0800aaae   0x0000002a   Code   RO         6349    i.prvInitialiseNewQueue  queue.o
    0x0800aad8   0x0800aad8   0x000000be   Code   RO         6763    i.prvInitialiseNewTask  tasks.o
    0x0800ab96   0x0800ab96   0x00000002   PAD
    0x0800ab98   0x0800ab98   0x00000068   Code   RO         6764    i.prvInitialiseTaskLists  tasks.o
    0x0800ac00   0x0800ac00   0x00000068   Code   RO         7856    i.prvInsertBlockIntoFreeList  heap_4.o
    0x0800ac68   0x0800ac68   0x00000058   Code   RO         7137    i.prvInsertTimerInActiveList  timers.o
    0x0800acc0   0x0800acc0   0x0000001a   Code   RO         6350    i.prvIsQueueEmpty   queue.o
    0x0800acda   0x0800acda   0x0000001e   Code   RO         6351    i.prvIsQueueFull    queue.o
    0x0800acf8   0x0800acf8   0x00000074   Code   RO         7138    i.prvProcessExpiredTimer  timers.o
    0x0800ad6c   0x0800ad6c   0x00000164   Code   RO         7139    i.prvProcessReceivedCommands  timers.o
    0x0800aed0   0x0800aed0   0x00000074   Code   RO         7140    i.prvProcessTimerOrBlockTask  timers.o
    0x0800af44   0x0800af44   0x00000034   Code   RO         6766    i.prvResetNextTaskUnblockTime  tasks.o
    0x0800af78   0x0800af78   0x0000002c   Code   RO         7141    i.prvSampleTimeNow  timers.o
    0x0800afa4   0x0800afa4   0x000000a4   Code   RO         7142    i.prvSwitchTimerLists  timers.o
    0x0800b048   0x0800b048   0x00000040   Code   RO         7911    i.prvTaskExitError  port.o
    0x0800b088   0x0800b088   0x0000001a   Code   RO         7143    i.prvTimerTask      timers.o
    0x0800b0a2   0x0800b0a2   0x0000007e   Code   RO         6352    i.prvUnlockQueue    queue.o
    0x0800b120   0x0800b120   0x0000014c   Code   RO         7857    i.pvPortMalloc      heap_4.o
    0x0800b26c   0x0800b26c   0x00000020   Code   RO         6769    i.pvTaskIncrementMutexHeldCount  tasks.o
    0x0800b28c   0x0800b28c   0x0000002c   Code   RO         7912    i.pxPortInitialiseStack  port.o
    0x0800b2b8   0x0800b2b8   0x00000028   Code   RO         6305    i.uxListRemove      list.o
    0x0800b2e0   0x0800b2e0   0x00000018   Code   RO         7395    i.vApplicationGetIdleTaskMemory  cmsis_os2.o
    0x0800b2f8   0x0800b2f8   0x00000018   Code   RO         7396    i.vApplicationGetTimerTaskMemory  cmsis_os2.o
    0x0800b310   0x0800b310   0x0000001a   Code   RO         6306    i.vListInitialise   list.o
    0x0800b32a   0x0800b32a   0x00000006   Code   RO         6307    i.vListInitialiseItem  list.o
    0x0800b330   0x0800b330   0x00000034   Code   RO         6308    i.vListInsert       list.o
    0x0800b364   0x0800b364   0x00000018   Code   RO         6309    i.vListInsertEnd    list.o
    0x0800b37c   0x0800b37c   0x00000054   Code   RO         7914    i.vPortEnterCritical  port.o
    0x0800b3d0   0x0800b3d0   0x0000003c   Code   RO         7915    i.vPortExitCritical  port.o
    0x0800b40c   0x0800b40c   0x000000a4   Code   RO         7858    i.vPortFree         heap_4.o
    0x0800b4b0   0x0800b4b0   0x00000028   Code   RO         7916    i.vPortSetupTimerInterrupt  port.o
    0x0800b4d8   0x0800b4d8   0x00000078   Code   RO         7917    i.vPortValidateInterruptPriority  port.o
    0x0800b550   0x0800b550   0x0000002c   Code   RO         6358    i.vQueueAddToRegistry  queue.o
    0x0800b57c   0x0800b57c   0x0000004a   Code   RO         6362    i.vQueueWaitForMessageRestricted  queue.o
    0x0800b5c6   0x0800b5c6   0x00000002   PAD
    0x0800b5c8   0x0800b5c8   0x0000005c   Code   RO         6779    i.vTaskDelay        tasks.o
    0x0800b624   0x0800b624   0x00000018   Code   RO         6784    i.vTaskInternalSetTimeOutState  tasks.o
    0x0800b63c   0x0800b63c   0x0000000c   Code   RO         6785    i.vTaskMissedYield  tasks.o
    0x0800b648   0x0800b648   0x00000038   Code   RO         6787    i.vTaskPlaceOnEventList  tasks.o
    0x0800b680   0x0800b680   0x00000040   Code   RO         6788    i.vTaskPlaceOnEventListRestricted  tasks.o
    0x0800b6c0   0x0800b6c0   0x000000d0   Code   RO         6790    i.vTaskPriorityDisinheritAfterTimeout  tasks.o
    0x0800b790   0x0800b790   0x000000b8   Code   RO         6796    i.vTaskStartScheduler  tasks.o
    0x0800b848   0x0800b848   0x00000010   Code   RO         6798    i.vTaskSuspendAll   tasks.o
    0x0800b858   0x0800b858   0x00000090   Code   RO         6799    i.vTaskSwitchContext  tasks.o
    0x0800b8e8   0x0800b8e8   0x00000168   Code   RO         7918    i.xPortStartScheduler  port.o
    0x0800ba50   0x0800ba50   0x00000034   Code   RO         7919    i.xPortSysTickHandler  port.o
    0x0800ba84   0x0800ba84   0x00000022   Code   RO         6365    i.xQueueCreateMutex  queue.o
    0x0800baa6   0x0800baa6   0x0000002a   Code   RO         6366    i.xQueueCreateMutexStatic  queue.o
    0x0800bad0   0x0800bad0   0x0000005a   Code   RO         6367    i.xQueueGenericCreate  queue.o
    0x0800bb2a   0x0800bb2a   0x000000e0   Code   RO         6368    i.xQueueGenericCreateStatic  queue.o
    0x0800bc0a   0x0800bc0a   0x00000002   PAD
    0x0800bc0c   0x0800bc0c   0x00000098   Code   RO         6369    i.xQueueGenericReset  queue.o
    0x0800bca4   0x0800bca4   0x000001a8   Code   RO         6370    i.xQueueGenericSend  queue.o
    0x0800be4c   0x0800be4c   0x000000fc   Code   RO         6371    i.xQueueGenericSendFromISR  queue.o
    0x0800bf48   0x0800bf48   0x00000048   Code   RO         6375    i.xQueueGiveMutexRecursive  queue.o
    0x0800bf90   0x0800bf90   0x00000168   Code   RO         6380    i.xQueueReceive     queue.o
    0x0800c0f8   0x0800c0f8   0x000000ca   Code   RO         6381    i.xQueueReceiveFromISR  queue.o
    0x0800c1c2   0x0800c1c2   0x00000002   PAD
    0x0800c1c4   0x0800c1c4   0x000001b8   Code   RO         6382    i.xQueueSemaphoreTake  queue.o
    0x0800c37c   0x0800c37c   0x0000004e   Code   RO         6383    i.xQueueTakeMutexRecursive  queue.o
    0x0800c3ca   0x0800c3ca   0x00000002   PAD
    0x0800c3cc   0x0800c3cc   0x0000008c   Code   RO         6801    i.xTaskCheckForTimeOut  tasks.o
    0x0800c458   0x0800c458   0x00000064   Code   RO         6802    i.xTaskCreate       tasks.o
    0x0800c4bc   0x0800c4bc   0x000000ba   Code   RO         6803    i.xTaskCreateStatic  tasks.o
    0x0800c576   0x0800c576   0x00000002   PAD
    0x0800c578   0x0800c578   0x00000128   Code   RO         6804    i.xTaskGenericNotify  tasks.o
    0x0800c6a0   0x0800c6a0   0x00000164   Code   RO         6805    i.xTaskGenericNotifyFromISR  tasks.o
    0x0800c804   0x0800c804   0x0000000c   Code   RO         6806    i.xTaskGetCurrentTaskHandle  tasks.o
    0x0800c810   0x0800c810   0x00000020   Code   RO         6807    i.xTaskGetSchedulerState  tasks.o
    0x0800c830   0x0800c830   0x0000000c   Code   RO         6808    i.xTaskGetTickCount  tasks.o
    0x0800c83c   0x0800c83c   0x00000144   Code   RO         6810    i.xTaskIncrementTick  tasks.o
    0x0800c980   0x0800c980   0x000000a0   Code   RO         6812    i.xTaskNotifyWait   tasks.o
    0x0800ca20   0x0800ca20   0x000000a4   Code   RO         6813    i.xTaskPriorityDisinherit  tasks.o
    0x0800cac4   0x0800cac4   0x000000a4   Code   RO         6814    i.xTaskPriorityInherit  tasks.o
    0x0800cb68   0x0800cb68   0x00000098   Code   RO         6815    i.xTaskRemoveFromEventList  tasks.o
    0x0800cc00   0x0800cc00   0x00000104   Code   RO         6816    i.xTaskResumeAll    tasks.o
    0x0800cd04   0x0800cd04   0x00000078   Code   RO         7152    i.xTimerCreateTimerTask  timers.o
    0x0800cd7c   0x0800cd7c   0x00000084   Code   RO         7153    i.xTimerGenericCommand  timers.o
    0x0800ce00   0x0800ce00   0x00000002   Data   RO           29    .constdata          taskdriver.o
    0x0800ce02   0x0800ce02   0x00000002   PAD
    0x0800ce04   0x0800ce04   0x000000b4   Data   RO          559    .constdata          freertos.o
    0x0800ceb8   0x0800ceb8   0x00000008   Data   RO         2830    .constdata          stm32f4xx_hal_dma.o
    0x0800cec0   0x0800cec0   0x00000018   Data   RO         4610    .constdata          system_stm32f4xx.o
    0x0800ced8   0x0800ced8   0x000005f0   Data   RO         4830    .constdata          oled.o
    0x0800d4c8   0x0800d4c8   0x000000b4   Data   RO         5312    .constdata          serial.o
    0x0800d57c   0x0800d57c   0x000000b4   Data   RO         5423    .constdata          bluetooth.o
    0x0800d630   0x0800d630   0x00000040   Data   RO         8332    .constdata          mc_w.l(ctype_c.o)
    0x0800d670   0x0800d670   0x0000003b   Data   RO          560    .conststring        freertos.o
    0x0800d6ab   0x0800d6ab   0x00000001   PAD
    0x0800d6ac   0x0800d6ac   0x0000012f   Data   RO         5313    .conststring        serial.o
    0x0800d7db   0x0800d7db   0x00000001   PAD
    0x0800d7dc   0x0800d7dc   0x00000053   Data   RO         5424    .conststring        bluetooth.o
    0x0800d82f   0x0800d82f   0x00000001   PAD
    0x0800d830   0x0800d830   0x00000020   Data   RO         8336    Region$$Table       anon$$obj.o


    Execution Region RW_IRAM1 (Exec base: 0x20000000, Load base: 0x0800d850, Size: 0x00006910, Max: 0x0001c000, ABSOLUTE, COMPRESSED[0x00000050])

    Exec Addr    Load Addr    Size         Type   Attr      Idx    E Section Name        Object

    0x20000000   COMPRESSED   0x00000017   Data   RW           30    .data               taskdriver.o
    0x20000017   COMPRESSED   0x00000001   PAD
    0x20000018   COMPRESSED   0x00000020   Data   RW          561    .data               freertos.o
    0x20000038   COMPRESSED   0x00000009   Data   RW         3280    .data               stm32f4xx_hal.o
    0x20000041   COMPRESSED   0x00000003   PAD
    0x20000044   COMPRESSED   0x00000004   Data   RW         4611    .data               system_stm32f4xx.o
    0x20000048   COMPRESSED   0x00000009   Data   RW         4648    .data               matrix.o
    0x20000051   COMPRESSED   0x0000003a   Data   RW         4692    .data               password.o
    0x2000008b   COMPRESSED   0x00000020   Data   RW         4777    .data               stepmotor.o
    0x200000ab   COMPRESSED   0x00000008   Data   RW         5035    .data               display.o
    0x200000b3   COMPRESSED   0x00000004   Data   RW         5314    .data               serial.o
    0x200000b7   COMPRESSED   0x00000001   PAD
    0x200000b8   COMPRESSED   0x0000000a   Data   RW         5425    .data               bluetooth.o
    0x200000c2   COMPRESSED   0x00000011   Data   RW         5708    .data               sensorread.o
    0x200000d3   COMPRESSED   0x00000001   PAD
    0x200000d4   COMPRESSED   0x0000000b   Data   RW         5884    .data               datamanage.o
    0x200000df   COMPRESSED   0x00000001   PAD
    0x200000e0   COMPRESSED   0x00000008   Data   RW         5969    .data               ticktime.o
    0x200000e8   COMPRESSED   0x00000035   Data   RW         6014    .data               irreceive.o
    0x2000011d   COMPRESSED   0x00000003   PAD
    0x20000120   COMPRESSED   0x0000003c   Data   RW         6819    .data               tasks.o
    0x2000015c   COMPRESSED   0x00000014   Data   RW         7161    .data               timers.o
    0x20000170   COMPRESSED   0x00000004   Data   RW         7398    .data               cmsis_os2.o
    0x20000174   COMPRESSED   0x00000020   Data   RW         7864    .data               heap_4.o
    0x20000194   COMPRESSED   0x0000000c   Data   RW         7920    .data               port.o
    0x200001a0   COMPRESSED   0x00000004   Data   RW         8283    .data               mc_w.l(stdout.o)
    0x200001a4        -       0x0000000c   Zero   RW           28    .bss                taskdriver.o
    0x200001b0        -       0x00000048   Zero   RW          601    .bss                adc.o
    0x200001f8        -       0x00000020   Zero   RW          670    .bss                rtc.o
    0x20000218        -       0x00000058   Zero   RW          712    .bss                spi.o
    0x20000270        -       0x00000210   Zero   RW          760    .bss                tim.o
    0x20000480        -       0x00000150   Zero   RW          833    .bss                usart.o
    0x200005d0        -       0x00000048   Zero   RW         1016    .bss                stm32f4xx_hal_timebase_tim.o
    0x20000618        -       0x00000120   Zero   RW         5034    .bss                display.o
    0x20000738        -       0x00000040   Zero   RW         5311    .bss                serial.o
    0x20000778        -       0x00000040   Zero   RW         5422    .bss                bluetooth.o
    0x200007b8        -       0x00001000   Zero   RW         5778    .bss                flash.o
    0x200017b8        -       0x00000480   Zero   RW         5883    .bss                datamanage.o
    0x20001c38        -       0x00000040   Zero   RW         6384    .bss                queue.o
    0x20001c78        -       0x000004c4   Zero   RW         6818    .bss                tasks.o
    0x2000213c        -       0x00000118   Zero   RW         7160    .bss                timers.o
    0x20002254        -       0x000006b8   Zero   RW         7397    .bss                cmsis_os2.o
    0x2000290c        -       0x00003c00   Zero   RW         7863    .bss                heap_4.o
    0x2000650c   COMPRESSED   0x00000004   PAD
    0x20006510        -       0x00000400   Zero   RW            1    STACK               startup_stm32f407xx.o


    Execution Region RW_IRAM2 (Exec base: 0x2001c000, Load base: 0x0800d8a0, Size: 0x00000000, Max: 0x00004000, ABSOLUTE)

    **** No section assigned to this execution region ****


==============================================================================

Image component sizes


      Code (inc. data)   RO Data    RW Data    ZI Data      Debug   Object Name

       344         24          0          0         72       1825   adc.o
      1494        644        263         10         64      11684   bluetooth.o
      1504         52          0          4       1720      72445   cmsis_os2.o
         0          0          0          0          0       7048   croutine.o
       920        150          0         11       1152       4082   datamanage.o
        88         24          0          0          0     734116   delay.o
         0          0          0          0          0       1240   dht11.o
      3238       1020          0          8        288      27395   display.o
       120          6          0          0          0        822   dma.o
         0          0          0          0          0      19448   event_groups.o
       668         42          0          0       4096       7769   flash.o
       160         62        239         32          0       1938   freertos.o
       416         16          0          0          0       1175   gpio.o
       724         74          0         32      15360       4863   heap_4.o
       100         22          0         53          0       2274   irreceive.o
        24          4          0          0          0        556   irsensor.o
       148          0          0          0          0       3562   list.o
       270          8          0          0          0       2324   main.o
       400         20          0          9          0       1896   matrix.o
        16          4          0          0          0        481   motor.o
       820         24       1520          0          0       8265   oled.o
      1520        222          0         58          0      10024   password.o
      1014         92          0         12          0      11689   port.o
        40          8          0          0          0        997   pwm.o
      2930         26          0          0         64      26007   queue.o
       228         18          0          0         32       1727   rtc.o
       196         22          0          0          0       3279   rtctime.o
       104         34          0         17          0       3054   sensorread.o
      1332        590        483          4         64      10209   serial.o
        16          4          0          0          0        501   servo.o
       208         24          0          0         88       1677   spi.o
        36          8        392          0       1024        836   startup_stm32f407xx.o
       278         12          0         32          0       3266   stepmotor.o
       136         24          0          9          0       8730   stm32f4xx_hal.o
      1466         66          0          0          0       6850   stm32f4xx_hal_adc.o
       260         22          0          0          0      33558   stm32f4xx_hal_cortex.o
      1436         16          8          0          0       7030   stm32f4xx_hal_dma.o
       528         46          0          0          0       2783   stm32f4xx_hal_gpio.o
        84          6          0          0          0        862   stm32f4xx_hal_msp.o
      1888         94          0          0          0       6293   stm32f4xx_hal_rcc.o
       416         20          0          0          0       1408   stm32f4xx_hal_rcc_ex.o
      1000         28          0          0          0       7993   stm32f4xx_hal_rtc.o
        36          0          0          0          0       1779   stm32f4xx_hal_rtc_ex.o
      1582         12          0          0          0       5896   stm32f4xx_hal_spi.o
      3050        172          0          0          0      22065   stm32f4xx_hal_tim.o
       184         30          0          0          0       2529   stm32f4xx_hal_tim_ex.o
       180         20          0          0         72       1472   stm32f4xx_hal_timebase_tim.o
      2956         28          0          0          0      16313   stm32f4xx_hal_uart.o
       174         56          0          0          0       7344   stm32f4xx_it.o
         0          0          0          0          0        384   stream_buffer.o
        20          6         24          4          0       1127   system_stm32f4xx.o
      2916        370          2         23         12     734773   taskdriver.o
      4036        450          0         60       1220      34442   tasks.o
        16          4          0          8          0        736   ticktime.o
      1736        116          0          0        528       6127   tim.o
      1318        124          0         20        280      32867   timers.o
       528         54          0          0        336       2557   usart.o

    ----------------------------------------------------------------------
     45370       5020       2968        416      26476    1934392   Object Totals
         0          0         32          0          0          0   (incl. Generated)
        68          0          5         10          4          0   (incl. Padding)

    ----------------------------------------------------------------------

      Code (inc. data)   RO Data    RW Data    ZI Data      Debug   Library Member Name

        86          0          0          0          0          0   __dczerorl2.o
        28          0          0          0          0         68   _chval.o
       812          4          0          0          0        112   _scanf.o
       332          0          0          0          0         96   _scanf_int.o
       342          0          0          0          0        100   _scanf_longlong.o
       224          0          0          0          0         96   _scanf_str.o
        64          0          0          0          0         84   _sgetc.o
        40          6         64          0          0         68   ctype_c.o
         0          0          0          0          0          0   entry.o
         0          0          0          0          0          0   entry10a.o
         0          0          0          0          0          0   entry11a.o
         8          4          0          0          0          0   entry2.o
         4          0          0          0          0          0   entry5.o
         0          0          0          0          0          0   entry7b.o
         0          0          0          0          0          0   entry8b.o
         8          4          0          0          0          0   entry9a.o
        30          0          0          0          0          0   handlers.o
        36          8          0          0          0         68   init.o
        10          0          0          0          0         68   isspace_c.o
         0          0          0          0          0          0   iusefp.o
        30          0          0          0          0         68   llshl.o
        36          0          0          0          0         68   llsshr.o
        32          0          0          0          0         68   llushr.o
        36          0          0          0          0         68   memcpya.o
        36          0          0          0          0        108   memseta.o
      2324         94          0          0          0        600   printfa.o
        40          8          0          0          0         84   scanf_char.o
       878         12          0          0          0        216   scanf_fp.o
        56          8          0          0          0         84   sscanf.o
         0          0          0          4          0          0   stdout.o
        28          0          0          0          0         76   strcmp.o
        34          0          0          0          0         80   strcspn.o
        14          0          0          0          0         68   strlen.o
        44          0          0          0          0         80   uidiv.o
        98          0          0          0          0         92   uldiv.o
        48          0          0          0          0         68   cdrcmple.o
        56          0          0          0          0         88   d2f.o
       334          0          0          0          0        148   dadd.o
       222          0          0          0          0        100   ddiv.o
       186          0          0          0          0        176   depilogue.o
        48          0          0          0          0         68   dfixul.o
        24          0          0          0          0         76   dfltul.o
       228          0          0          0          0         96   dmul.o
       110          0          0          0          0        168   fepilogue.o

    ----------------------------------------------------------------------
      6974        148         64          4          0       3508   Library Totals
         8          0          0          0          0          0   (incl. Padding)

    ----------------------------------------------------------------------

      Code (inc. data)   RO Data    RW Data    ZI Data      Debug   Library Name

      5710        148         64          4          0       2520   mc_w.l
      1256          0          0          0          0        988   mf_w.l

    ----------------------------------------------------------------------
      6974        148         64          4          0       3508   Library Totals

    ----------------------------------------------------------------------

==============================================================================


      Code (inc. data)   RO Data    RW Data    ZI Data      Debug   

     52344       5168       3032        420      26476    1897412   Grand Totals
     52344       5168       3032         80      26476    1897412   ELF Image Totals (compressed)
     52344       5168       3032         80          0          0   ROM Totals

==============================================================================

    Total RO  Size (Code + RO Data)                55376 (  54.08kB)
    Total RW  Size (RW Data + ZI Data)             26896 (  26.27kB)
    Total ROM Size (Code + RO Data + RW Data)      55456 (  54.16kB)

==============================================================================

